
> marketplace-nextjs@1.0.0 build
> next build

   Γû▓ Next.js 14.1.0
   - Environments: .env.local

   Creating an optimized production build ...
node.exe : 
At line:1 char:1
+ & "C:\Program Files\nodejs/node.exe" "C:\Program Files\nodejs/node_mo ...
+ ~~~~~~~~~~~~~~~~~~~~~~~~~~~~~~~~~~~~~~~~~~~~~~~~~~~~~~~~~~~~~~~~~~~~~
    + CategoryInfo          : NotSpecified: (:String) [], RemoteException
    + FullyQualifiedErrorId : NativeCommandError
 
[1m[33mwarn[39m[22m - The class `duration-[1200ms]` is ambiguous and matches multiple utilities.
[1m[33mwarn[39m[22m - If this is content and not a class, replace it with `duration-&lsqb;1200ms&rsqb;` to silence 
this warning.

[1m[33mwarn[39m[22m - The class `duration-[1500ms]` is ambiguous and matches multiple utilities.
[1m[33mwarn[39m[22m - If this is content and not a class, replace it with `duration-&lsqb;1500ms&rsqb;` to silence 
this warning.

[1m[33mwarn[39m[22m - The class `ease-[0.2,0.8,0.2,1]` is ambiguous and matches multiple utilities.
[1m[33mwarn[39m[22m - If this is content and not a class, replace it with `ease-&lsqb;0.2,0.8,0.2,1&rsqb;` to 
silence this warning.

[1m[33mwarn[39m[22m - The class `ease-[cubic-bezier(0.23,1,0.32,1)]` is ambiguous and matches multiple utilities.
[1m[33mwarn[39m[22m - If this is content and not a class, replace it with 
`ease-&lsqb;cubic-bezier(0.23,1,0.32,1)&rsqb;` to silence this warning.
 Γ£ô Compiled successfully
   Skipping validation of types
   Skipping linting
   Collecting page data ...
   Generating static pages (0/117) ...
ReferenceError: productData is not defined
    at rJ (C:\Users\SALOM\marketplace-nextjs\.next\server\app\product\[id]\page.js:60:4156)
ReferenceError: productData is not defined
    at rJ (C:\Users\SALOM\marketplace-nextjs\.next\server\app\product\[id]\page.js:60:4156)

Error occurred prerendering page "/product/╨░╨╝╨╕╨╜╨╛╨║╨╕╤ü╨╗╨╛╤é╨╜╤ï╨╣ ╨║╨╛╨╝╨┐╨╗╨╡╨║╤ü ╨┐╨╛╤Ç╨╛╤ê╨╛╨║ (╤Ç╨╡╨╗╤î╨╡╤ä 
╨╝╤ï╤ê╤å, ╤ì╨╜╨╡╤Ç╨│╨╕╤Å) 156╨│ gls". Read more: https://nextjs.org/docs/messages/prerender-error

ReferenceError: productData is not defined
    at rJ (C:\Users\SALOM\marketplace-nextjs\.next\server\app\product\[id]\page.js:60:4156)
ReferenceError: productData is not defined
    at rJ (C:\Users\SALOM\marketplace-nextjs\.next\server\app\product\[id]\page.js:60:4156)
ReferenceError: productData is not defined
    at rJ (C:\Users\SALOM\marketplace-nextjs\.next\server\app\product\[id]\page.js:60:4156)

Error occurred prerendering page "/product/╨▓-╨║╨╛╨╝╨┐╨╗╨╡╨║╤ü ╨║╨░╨┐╤ü. (╨╕╨╝╨╝╤â╨╜╨╕╤é╨╡╤é, ╤ì╨╜╨╡╤Ç╨│╨╕╤Å) 430╨╝╨│ 
Γäû60 gls". Read more: https://nextjs.org/docs/messages/prerender-error

ReferenceError: productData is not defined
    at rJ (C:\Users\SALOM\marketplace-nextjs\.next\server\app\product\[id]\page.js:60:4156)
ReferenceError: productData is not defined
    at rJ (C:\Users\SALOM\marketplace-nextjs\.next\server\app\product\[id]\page.js:60:4156)
ReferenceError: productData is not defined
    at rJ (C:\Users\SALOM\marketplace-nextjs\.next\server\app\product\[id]\page.js:60:4156)

Error occurred prerendering page "/product/╨│╨╗╤Ä╨║╨╛╨╖╨░╨╝╨╕╨╜ ╤à╨╛╨╜╨┤╤Ç╨╛╨╕╤é╨╕╨╜ ╨║╨░╨┐╤ü. (╤ü╤â╤ü╤é╨░╨▓╤ï, 
╨║╨╛╤ü╤é╨╕) 400╨╝╨│ Γäû120 gls". Read more: https://nextjs.org/docs/messages/prerender-error

ReferenceError: productData is not defined
    at rJ (C:\Users\SALOM\marketplace-nextjs\.next\server\app\product\[id]\page.js:60:4156)
ReferenceError: productData is not defined
    at rJ (C:\Users\SALOM\marketplace-nextjs\.next\server\app\product\[id]\page.js:60:4156)
ReferenceError: productData is not defined
    at rJ (C:\Users\SALOM\marketplace-nextjs\.next\server\app\product\[id]\page.js:60:4156)

Error occurred prerendering page "/product/╨▓╨╕╤é╨░╨╝╨╕╨╜╤ï ╨┤╨╗╤Å ╨▓╨╛╨╗╨╛╤ü ╨║╨░╨┐╤ü.370╨╝╨│ Γäû60 gls". Read more: 
https://nextjs.org/docs/messages/prerender-error

ReferenceError: productData is not defined
    at rJ (C:\Users\SALOM\marketplace-nextjs\.next\server\app\product\[id]\page.js:60:4156)
ReferenceError: productData is not defined
    at rJ (C:\Users\SALOM\marketplace-nextjs\.next\server\app\product\[id]\page.js:60:4156)
ReferenceError: productData is not defined
    at rJ (C:\Users\SALOM\marketplace-nextjs\.next\server\app\product\[id]\page.js:60:4156)

Error occurred prerendering page "/product/╨│╨╕╨╜╨║╨│╨╛ ╨▒╨╕╨╗╨╛╨▒╨░ + ╨│╨╛╤é╤â ╨║╨╛╨╗╨░ ╨║╨░╨┐╤ü. (╨┐╨░╨╝╤Å╤é╤î, 
╨┐╤Ç╨╛╨┤╤â╨║╤é╨╕╨▓╨╜╨╛╤ü╤é╤î) 380╨╝╨│ Γäû60 gls". Read more: https://nextjs.org/docs/messages/prerender-error

ReferenceError: productData is not defined
    at rJ (C:\Users\SALOM\marketplace-nextjs\.next\server\app\product\[id]\page.js:60:4156)
ReferenceError: productData is not defined
    at rJ (C:\Users\SALOM\marketplace-nextjs\.next\server\app\product\[id]\page.js:60:4156)
ReferenceError: productData is not defined
    at rJ (C:\Users\SALOM\marketplace-nextjs\.next\server\app\product\[id]\page.js:60:4156)

Error occurred prerendering page "/product/╨▒╨╕╨╛╤é╨╕╨╜ ╨▒╨╡╨╖ ╤ü╨░╤à╨░╤Ç╨░ ╤ê╨╕╨┐╤â╤ç╨╕╨╡ ╤é╨░╨▒. (╨║╤Ç╨░╤ü╨╛╤é╨░, 
╨║╨╛╨╢╨░) Γäû20 ╨╝╨░╤ü╤ü╨░ 3.8╨│ gls". Read more: https://nextjs.org/docs/messages/prerender-error

ReferenceError: productData is not defined
    at rJ (C:\Users\SALOM\marketplace-nextjs\.next\server\app\product\[id]\page.js:60:4156)
ReferenceError: productData is not defined
    at rJ (C:\Users\SALOM\marketplace-nextjs\.next\server\app\product\[id]\page.js:60:4156)
ReferenceError: productData is not defined
    at rJ (C:\Users\SALOM\marketplace-nextjs\.next\server\app\product\[id]\page.js:60:4156)
ReferenceError: productData is not defined
    at rJ (C:\Users\SALOM\marketplace-nextjs\.next\server\app\product\[id]\page.js:60:4156)
ReferenceError: productData is not defined
    at rJ (C:\Users\SALOM\marketplace-nextjs\.next\server\app\product\[id]\page.js:60:4156)
ReferenceError: productData is not defined
    at rJ (C:\Users\SALOM\marketplace-nextjs\.next\server\app\product\[id]\page.js:60:4156)
ReferenceError: productData is not defined
    at rJ (C:\Users\SALOM\marketplace-nextjs\.next\server\app\product\[id]\page.js:60:4156)

Error occurred prerendering page "/product/╨░╤Ç╤é╤â╤Ç╨╛╨╜ ╨║╨░╨┐╤ü. (╨╝╤â╨╢╤ü╨║╨░╤Å ╤ü╨╕╨╗╨░, ╤ì╨╜╨╡╤Ç╨│╨╕╤Å) 500╨╝╨│ 
Γäû90 gls". Read more: https://nextjs.org/docs/messages/prerender-error

ReferenceError: productData is not defined
    at rJ (C:\Users\SALOM\marketplace-nextjs\.next\server\app\product\[id]\page.js:60:4156)
ReferenceError: productData is not defined
    at rJ (C:\Users\SALOM\marketplace-nextjs\.next\server\app\product\[id]\page.js:60:4156)
ReferenceError: productData is not defined
    at rJ (C:\Users\SALOM\marketplace-nextjs\.next\server\app\product\[id]\page.js:60:4156)

Error occurred prerendering page "/product/╨╛╨╝╨╡╨│╨░ 3-6-9 ╨║╨░╨┐╤ü. 700╨╝╨│ Γäû90 gls". Read more: 
https://nextjs.org/docs/messages/prerender-error

ReferenceError: productData is not defined
    at rJ (C:\Users\SALOM\marketplace-nextjs\.next\server\app\product\[id]\page.js:60:4156)

Error occurred prerendering page "/product/╨╣╨╛╤à╨╕╨╝╨▒╨╡ ╨║╨░╨┐╤ü (╨┐╨╛╤à╤â╨┤╨╡╨╜╨╕╨╡, ╤ì╨╜╨╡╤Ç╨│╨╕╤Å) 350╨╝╨│ Γäû60 
gls". Read more: https://nextjs.org/docs/messages/prerender-error

ReferenceError: productData is not defined
    at rJ (C:\Users\SALOM\marketplace-nextjs\.next\server\app\product\[id]\page.js:60:4156)

Error occurred prerendering page "/product/╨╢╨╡╨╜╤î╤ê╨╡╨╜╤î ╨║╨░╨┐╤ü. (╨╕╨╝╨╝╤â╨╜╨╕╤é╨╡╤é, ╤ì╨╜╨╡╤Ç╨│╨╕╤Å) 200╨╝╨│ 
Γäû60 gls". Read more: https://nextjs.org/docs/messages/prerender-error

ReferenceError: productData is not defined
    at rJ (C:\Users\SALOM\marketplace-nextjs\.next\server\app\product\[id]\page.js:60:4156)
ReferenceError: productData is not defined
    at rJ (C:\Users\SALOM\marketplace-nextjs\.next\server\app\product\[id]\page.js:60:4156)
ReferenceError: productData is not defined
    at rJ (C:\Users\SALOM\marketplace-nextjs\.next\server\app\product\[id]\page.js:60:4156)
ReferenceError: productData is not defined
    at rJ (C:\Users\SALOM\marketplace-nextjs\.next\server\app\product\[id]\page.js:60:4156)
ReferenceError: productData is not defined
    at rJ (C:\Users\SALOM\marketplace-nextjs\.next\server\app\product\[id]\page.js:60:4156)
ReferenceError: productData is not defined
    at rJ (C:\Users\SALOM\marketplace-nextjs\.next\server\app\product\[id]\page.js:60:4156)
ReferenceError: productData is not defined
    at rJ (C:\Users\SALOM\marketplace-nextjs\.next\server\app\product\[id]\page.js:60:4156)
    at runNextTicks (node:internal/process/task_queues:64:5)
    at listOnTimeout (node:internal/timers:567:9)
    at process.processTimers (node:internal/timers:541:7)
ReferenceError: productData is not defined
    at rJ (C:\Users\SALOM\marketplace-nextjs\.next\server\app\product\[id]\page.js:60:4156)
ReferenceError: productData is not defined
    at rJ (C:\Users\SALOM\marketplace-nextjs\.next\server\app\product\[id]\page.js:60:4156)
ReferenceError: productData is not defined
    at rJ (C:\Users\SALOM\marketplace-nextjs\.next\server\app\product\[id]\page.js:60:4156)
ReferenceError: productData is not defined
    at rJ (C:\Users\SALOM\marketplace-nextjs\.next\server\app\product\[id]\page.js:60:4156)
ReferenceError: productData is not defined
    at rJ (C:\Users\SALOM\marketplace-nextjs\.next\server\app\product\[id]\page.js:60:4156)
ReferenceError: productData is not defined
    at rJ (C:\Users\SALOM\marketplace-nextjs\.next\server\app\product\[id]\page.js:60:4156)

Error occurred prerendering page "/product/╨┤╨╕╨░╨▒╨╡╤é ╤ä╨╛╤Ç╨╝╤â╨╗╨░ ╨║╨░╨┐╤ü.450╨╝╨│ Γäû60 gls". Read more: 
https://nextjs.org/docs/messages/prerender-error

ReferenceError: productData is not defined
    at rJ (C:\Users\SALOM\marketplace-nextjs\.next\server\app\product\[id]\page.js:60:4156)

Error occurred prerendering page "/product/╤à╨╗╨╛╤Ç╨╛╤ä╨╕╨╗╨╗ ╨║╨░╨┐╤ü. (╨╛╤ç╨╕╤ë╨╡╨╜╨╕╨╡, ╤ì╨╜╨╡╤Ç╨│╨╕╤Å) Γäû60 gls". 
Read more: https://nextjs.org/docs/messages/prerender-error

ReferenceError: productData is not defined
    at rJ (C:\Users\SALOM\marketplace-nextjs\.next\server\app\product\[id]\page.js:60:4156)

Error occurred prerendering page "/product/╤à╨╕╤é╨╛╨╖╨░╨╜ ╨╝╨╛╤Ç╤ü╨║╨╛╨╣ ╨║╨░╨┐╤ü. (╨┐╨╕╤ë╨╡╨▓╨░╤Ç╨╡╨╜╨╕╨╡, 
╨╛╤ç╨╕╤ë╨╡╨╜╨╕╨╡, ╨┐╨╛╤à╤â╨┤╨╡╨╜╨╕╨╡) 240╨╝╨│ Γäû100 gls". Read more: https://nextjs.org/docs/messages/prerender-error

ReferenceError: productData is not defined
    at rJ (C:\Users\SALOM\marketplace-nextjs\.next\server\app\product\[id]\page.js:60:4156)

Error occurred prerendering page "/product/╨║╨░╨╗╨╕╨╣ ╨╝╨░╨│╨╜╨╕╨╣ ╨║╨░╨┐╤ü. (╨┤╨╗╤Å ╤ü╨╡╤Ç╨┤╤å╨░) 430╨╝╨│ Γäû120 
gls". Read more: https://nextjs.org/docs/messages/prerender-error

ReferenceError: productData is not defined
    at rJ (C:\Users\SALOM\marketplace-nextjs\.next\server\app\product\[id]\page.js:60:4156)

Error occurred prerendering page "/product/╤å╨╕╤é╤Ç╤â╨╗╨╗╨╕╨╜ ╨║╨░╨┐╤ü. 320╨╝╨│ Γäû90 gls". Read more: 
https://nextjs.org/docs/messages/prerender-error

ReferenceError: productData is not defined
    at rJ (C:\Users\SALOM\marketplace-nextjs\.next\server\app\product\[id]\page.js:60:4156)
ReferenceError: productData is not defined
    at rJ (C:\Users\SALOM\marketplace-nextjs\.next\server\app\product\[id]\page.js:60:4156)
ReferenceError: productData is not defined
    at rJ (C:\Users\SALOM\marketplace-nextjs\.next\server\app\product\[id]\page.js:60:4156)
ReferenceError: productData is not defined
    at rJ (C:\Users\SALOM\marketplace-nextjs\.next\server\app\product\[id]\page.js:60:4156)
ReferenceError: productData is not defined
    at rJ (C:\Users\SALOM\marketplace-nextjs\.next\server\app\product\[id]\page.js:60:4156)

Error occurred prerendering page "/product/╨╝╨░╨│╨╜╨╕╨╣ ╤à╨╡╨╗╨░╤é ╨║╨░╨┐╤ü. (╤ü╨╛╨╜, ╨╜╨╡╤Ç╨▓╤ï, ╤ü╨╡╤Ç╨┤╤å╨╡) 
400╨╝╨│ Γäû180 gls". Read more: https://nextjs.org/docs/messages/prerender-error

ReferenceError: productData is not defined
    at rJ (C:\Users\SALOM\marketplace-nextjs\.next\server\app\product\[id]\page.js:60:4156)
ReferenceError: productData is not defined
    at rJ (C:\Users\SALOM\marketplace-nextjs\.next\server\app\product\[id]\page.js:60:4156)
ReferenceError: productData is not defined
    at rJ (C:\Users\SALOM\marketplace-nextjs\.next\server\app\product\[id]\page.js:60:4156)
ReferenceError: productData is not defined
    at rJ (C:\Users\SALOM\marketplace-nextjs\.next\server\app\product\[id]\page.js:60:4156)
ReferenceError: productData is not defined
    at rJ (C:\Users\SALOM\marketplace-nextjs\.next\server\app\product\[id]\page.js:60:4156)
    at runNextTicks (node:internal/process/task_queues:64:5)
    at listOnTimeout (node:internal/timers:567:9)
    at process.processTimers (node:internal/timers:541:7)
ReferenceError: productData is not defined
    at rJ (C:\Users\SALOM\marketplace-nextjs\.next\server\app\product\[id]\page.js:60:4156)
ReferenceError: productData is not defined
    at rJ (C:\Users\SALOM\marketplace-nextjs\.next\server\app\product\[id]\page.js:60:4156)
ReferenceError: productData is not defined
    at rJ (C:\Users\SALOM\marketplace-nextjs\.next\server\app\product\[id]\page.js:60:4156)
ReferenceError: productData is not defined
    at rJ (C:\Users\SALOM\marketplace-nextjs\.next\server\app\product\[id]\page.js:60:4156)

Error occurred prerendering page "/product/╨╝╤â╨╢╤ü╨║╨░╤Å ╤ä╨╛╤Ç╨╝╤â╨╗╨░ ╨║╨░╨┐╤ü. (╨╝╤â╨╢╤ü╨║╨░╤Å ╤ü╤ï╨╗╨░, 
╤ì╨╜╨╡╤Ç╨│╨╕╤Å) 440╨╝╨│ Γäû60 gls". Read more: https://nextjs.org/docs/messages/prerender-error

ReferenceError: productData is not defined
    at rJ (C:\Users\SALOM\marketplace-nextjs\.next\server\app\product\[id]\page.js:60:4156)
ReferenceError: productData is not defined
    at rJ (C:\Users\SALOM\marketplace-nextjs\.next\server\app\product\[id]\page.js:60:4156)
ReferenceError: productData is not defined
    at rJ (C:\Users\SALOM\marketplace-nextjs\.next\server\app\product\[id]\page.js:60:4156)

Error occurred prerendering page "/product/╤é╨░╤â╤Ç╨╕╨╜ 1000╨╝╨╡ ╨║╨░╨┐╤ü. (╨╝╤ï╤ê╤å╤ï, ╨┐╨╛╤à╤â╨┤╨╡╨╜╨╕╨╡, 
╨▓╤ï╨╜╨╛╤ü╨╗╨╕╨▓╨╛╤ü╤é╤î) 400╨╝╨│ Γäû90 gls". Read more: https://nextjs.org/docs/messages/prerender-error

ReferenceError: productData is not defined
    at rJ (C:\Users\SALOM\marketplace-nextjs\.next\server\app\product\[id]\page.js:60:4156)

Error occurred prerendering page "/product/╨░╤Ç╨│╨╕╨╜╨╕╨╜ 1000 ╨║╨░╨┐╤ü. (╤ü╨╛╤ü╤â╨┤╤ï, ╨╝╤ï╤ê╤å╤ï) 400╨╝╨│ Γäû90 
gls". Read more: https://nextjs.org/docs/messages/prerender-error

ReferenceError: productData is not defined
    at rJ (C:\Users\SALOM\marketplace-nextjs\.next\server\app\product\[id]\page.js:60:4156)

Error occurred prerendering page "/product/╨║╨░╤Ç╨┤╨╕╨╛ ╤ä╨╛╤Ç╨╝╤â╨╗╨░ ╨║╨░╨┐╤ü.550╨╝╨│ Γäû60 gls". Read more: 
https://nextjs.org/docs/messages/prerender-error

ReferenceError: productData is not defined
    at rJ (C:\Users\SALOM\marketplace-nextjs\.next\server\app\product\[id]\page.js:60:4156)

Error occurred prerendering page "/product/╨│╨╗╤â╤é╨░╤é╨╕╨╛╨╜ ╨║╨░╨┐╤ü. (╨╛╨╝╨╛╨╗╨╛╨╢╨╡╨╜╨╕╨╡, ╨╛╤ç╨╕╤ë╨╡╨╜╨╕╨╡) 
300╨╝╨│ Γäû60 gls". Read more: https://nextjs.org/docs/messages/prerender-error

ReferenceError: productData is not defined
    at rJ (C:\Users\SALOM\marketplace-nextjs\.next\server\app\product\[id]\page.js:60:4156)

   Generating static pages (29/117) 

Error occurred prerendering page "/product/╨╝╤â╨╝╨╕╨╡ ╤ì╨║╤ü╤é╤Ç╨░╨║╤é ╨║╨░╨┐╤ü. (╨║╤Ç╨░╤ü╨╕╨▓╨░╤Å ╨║╨╛╨╢╨░, 
╤ü╤â╤ü╤é╨░╨▓╤ï) 300╨╝╨│ 400╨╝╨│ Γäû60 gls". Read more: https://nextjs.org/docs/messages/prerender-error

ReferenceError: productData is not defined
    at rJ (C:\Users\SALOM\marketplace-nextjs\.next\server\app\product\[id]\page.js:60:4156)
ReferenceError: productData is not defined
    at rJ (C:\Users\SALOM\marketplace-nextjs\.next\server\app\product\[id]\page.js:60:4156)
ReferenceError: productData is not defined
    at rJ (C:\Users\SALOM\marketplace-nextjs\.next\server\app\product\[id]\page.js:60:4156)
    at runNextTicks (node:internal/process/task_queues:64:5)
    at listOnTimeout (node:internal/timers:567:9)
    at process.processTimers (node:internal/timers:541:7)
ReferenceError: productData is not defined
    at rJ (C:\Users\SALOM\marketplace-nextjs\.next\server\app\product\[id]\page.js:60:4156)
ReferenceError: productData is not defined
    at rJ (C:\Users\SALOM\marketplace-nextjs\.next\server\app\product\[id]\page.js:60:4156)
ReferenceError: productData is not defined
    at rJ (C:\Users\SALOM\marketplace-nextjs\.next\server\app\product\[id]\page.js:60:4156)
ReferenceError: productData is not defined
    at rJ (C:\Users\SALOM\marketplace-nextjs\.next\server\app\product\[id]\page.js:60:4156)

Error occurred prerendering page "/product/╨▒╨░╤Ç╨▒╨░╤Ç╨╕╤ü ╨▒╨╡╤Ç╨▒╨╡╤Ç╨╕╨╜ ╨║╨░╨┐╤ü. (╨┐╨╛╤à╤â╨┤╨╡╨╜╨╕╨╡, 
╨┐╨╡╤ç╨╡╨╜╤î, ╨╝╨╡╤é╨░╨▒╨╛╨╗╨╕╨╖╨╝) Γäû60 gls". Read more: https://nextjs.org/docs/messages/prerender-error

ReferenceError: productData is not defined
    at rJ (C:\Users\SALOM\marketplace-nextjs\.next\server\app\product\[id]\page.js:60:4156)
ReferenceError: productData is not defined
    at rJ (C:\Users\SALOM\marketplace-nextjs\.next\server\app\product\[id]\page.js:60:4156)
ReferenceError: productData is not defined
    at rJ (C:\Users\SALOM\marketplace-nextjs\.next\server\app\product\[id]\page.js:60:4156)

Error occurred prerendering page "/product/╤ä╨╛╤Ç╨╝╤â╨╗╨░ ╨╛╤ç╨╕╤ë╨╡╨╜╨╕╨╡ ╨║╨░╨┐╤ü.400╨╝╨│ Γäû60 gls". Read more: 
https://nextjs.org/docs/messages/prerender-error

ReferenceError: productData is not defined
    at rJ (C:\Users\SALOM\marketplace-nextjs\.next\server\app\product\[id]\page.js:60:4156)
ReferenceError: productData is not defined
    at rJ (C:\Users\SALOM\marketplace-nextjs\.next\server\app\product\[id]\page.js:60:4156)
ReferenceError: productData is not defined
    at rJ (C:\Users\SALOM\marketplace-nextjs\.next\server\app\product\[id]\page.js:60:4156)

Error occurred prerendering page "/product/╨╝╨╡╨╗╨░╤é╨╛╨╜╨╕╨╜ ╨╝╨╡╨╗╨╕╤ü╤ü╨╛╨╜ ╨║╨░╨┐╤ü. (╤ü╨╛╨╜, 
╤ü╨┐╨╛╨║╨╛╨╣╤ü╤é╨▓╨╕╨╡) 2╨╝╨│ Γäû60 gls". Read more: https://nextjs.org/docs/messages/prerender-error

ReferenceError: productData is not defined
    at rJ (C:\Users\SALOM\marketplace-nextjs\.next\server\app\product\[id]\page.js:60:4156)

Error occurred prerendering page "/product/╨║╨░╨╗╤î╤å╨╕╨╣ ╤å╨╕╤é╤Ç╨░╤é ╨║╨░╨┐╤ü. (╨╜╨╛╨│╤é╨╕, ╨╖╤â╨▒╤ï, ╨║╨╛╤ü╤é╨╕) 
Γäû120 gls". Read more: https://nextjs.org/docs/messages/prerender-error

ReferenceError: productData is not defined
    at rJ (C:\Users\SALOM\marketplace-nextjs\.next\server\app\product\[id]\page.js:60:4156)

Error occurred prerendering page "/product/╤ç╨╡╤Ç╨╜╨╕╨║╨░+╨░+╨╡ ╨║╨░╨┐╤ü.(╨╖╤Ç╨╡╨╜╨╕╨╡, ╨│╨╗╨░╨╖) 400╨╝╨│ Γäû60 gls". 
Read more: https://nextjs.org/docs/messages/prerender-error

ReferenceError: productData is not defined
    at rJ (C:\Users\SALOM\marketplace-nextjs\.next\server\app\product\[id]\page.js:60:4156)

Error occurred prerendering page "/product/╤ä╨╛╨╗╨╕╨╡╨▓╨░╤Å ╨║╨╕╤ü╨╗╨╛╤é╨░ ╨║╨░╨┐╤ü. (╨┤╨╗╤Å ╨▒╨╡╤Ç╨╡╨╝╨╡╨╜╨╜╤ï╤à) 
Γäû60 gls". Read more: https://nextjs.org/docs/messages/prerender-error

ReferenceError: productData is not defined
    at rJ (C:\Users\SALOM\marketplace-nextjs\.next\server\app\product\[id]\page.js:60:4156)
ReferenceError: productData is not defined
    at rJ (C:\Users\SALOM\marketplace-nextjs\.next\server\app\product\[id]\page.js:60:4156)
ReferenceError: productData is not defined
    at rJ (C:\Users\SALOM\marketplace-nextjs\.next\server\app\product\[id]\page.js:60:4156)
ReferenceError: productData is not defined
    at rJ (C:\Users\SALOM\marketplace-nextjs\.next\server\app\product\[id]\page.js:60:4156)
ReferenceError: productData is not defined
    at rJ (C:\Users\SALOM\marketplace-nextjs\.next\server\app\product\[id]\page.js:60:4156)
ReferenceError: productData is not defined
    at rJ (C:\Users\SALOM\marketplace-nextjs\.next\server\app\product\[id]\page.js:60:4156)
ReferenceError: productData is not defined
    at rJ (C:\Users\SALOM\marketplace-nextjs\.next\server\app\product\[id]\page.js:60:4156)
ReferenceError: productData is not defined
    at rJ (C:\Users\SALOM\marketplace-nextjs\.next\server\app\product\[id]\page.js:60:4156)
ReferenceError: productData is not defined
    at rJ (C:\Users\SALOM\marketplace-nextjs\.next\server\app\product\[id]\page.js:60:4156)
ReferenceError: productData is not defined
    at rJ (C:\Users\SALOM\marketplace-nextjs\.next\server\app\product\[id]\page.js:60:4156)
ReferenceError: productData is not defined
    at rJ (C:\Users\SALOM\marketplace-nextjs\.next\server\app\product\[id]\page.js:60:4156)
ReferenceError: productData is not defined
    at rJ (C:\Users\SALOM\marketplace-nextjs\.next\server\app\product\[id]\page.js:60:4156)
ReferenceError: productData is not defined
    at rJ (C:\Users\SALOM\marketplace-nextjs\.next\server\app\product\[id]\page.js:60:4156)

Error occurred prerendering page "/product/╨╗╨╕╨┐╨╛╤é╤Ç╨╛╨┐╨╜╤ï╨╣ ╤ä╨░╨║╤é╨╛╤Ç ╨║╨░╨┐╤ü. (╨┐╨╛╤à╤â╨┤╨╡╨╜╨╕╨╡, 
╨┐╨╡╤ç╨╡╨╜╤î) 450╨╝╨│ Γäû180 gls". Read more: https://nextjs.org/docs/messages/prerender-error

ReferenceError: productData is not defined
    at rJ (C:\Users\SALOM\marketplace-nextjs\.next\server\app\product\[id]\page.js:60:4156)

Error occurred prerendering page "/product/╨╝╨░╨│╨╜╨╕╨╣ ╤å╨╕╤é╤Ç╨░╤é + ╨▓6 ╨║╨░╨┐╤ü (╤ü╨┐╨╛╨║╨╛╨╣╤ü╤é╨▓╨╕╨╡, 
╨╝╤ï╤ê╤å╤ï, ╤ü╨╡╤Ç╨┤╤å╨╡) 500╨╝╨│ Γäû180 gls". Read more: https://nextjs.org/docs/messages/prerender-error

ReferenceError: productData is not defined
    at rJ (C:\Users\SALOM\marketplace-nextjs\.next\server\app\product\[id]\page.js:60:4156)

Error occurred prerendering page "/product/╨║╨░╨╗╤î╤å╨╕╨╣ ╨╝╨░╨│╨╜╨╕╨╣ ╤å╤ï╨╜╨║ ╨║╨░╨┐╤ü. (╨░╨╜╤é╨╕╤ü╤é╤Ç╨╡╤ü╤ü, 
╨║╨╛╤ü╤é╨╕) 750╨╝╨│ Γäû120 gls". Read more: https://nextjs.org/docs/messages/prerender-error

ReferenceError: productData is not defined
    at rJ (C:\Users\SALOM\marketplace-nextjs\.next\server\app\product\[id]\page.js:60:4156)
ReferenceError: productData is not defined
    at rJ (C:\Users\SALOM\marketplace-nextjs\.next\server\app\product\[id]\page.js:60:4156)
ReferenceError: productData is not defined
    at rJ (C:\Users\SALOM\marketplace-nextjs\.next\server\app\product\[id]\page.js:60:4156)
    at runNextTicks (node:internal/process/task_queues:64:5)
    at listOnTimeout (node:internal/timers:567:9)
    at process.processTimers (node:internal/timers:541:7)
ReferenceError: productData is not defined
    at rJ (C:\Users\SALOM\marketplace-nextjs\.next\server\app\product\[id]\page.js:60:4156)
ReferenceError: productData is not defined
    at rJ (C:\Users\SALOM\marketplace-nextjs\.next\server\app\product\[id]\page.js:60:4156)
ReferenceError: productData is not defined
    at rJ (C:\Users\SALOM\marketplace-nextjs\.next\server\app\product\[id]\page.js:60:4156)
ReferenceError: productData is not defined
    at rJ (C:\Users\SALOM\marketplace-nextjs\.next\server\app\product\[id]\page.js:60:4156)

Error occurred prerendering page "/product/╨║╨╛╨╗╨╗╨░╨│╨╡╨╜ ╨┐╨╛╤Ç╨╛╤ê╨╛╨║ (╨║╤Ç╨░╤ü╨╛╤é╨░, ╤ü╤â╤ü╤é╨░╨▓╤ï) 
╨╗╨╡╤ü╨╜╤ï╨╡ ╤Å╨│╨╛╨┤╤ï 180╨│ gls". Read more: https://nextjs.org/docs/messages/prerender-error

ReferenceError: productData is not defined
    at rJ (C:\Users\SALOM\marketplace-nextjs\.next\server\app\product\[id]\page.js:60:4156)

Error occurred prerendering page "/product/╨╢╨╡╨╗╨╡╨╖╨╛ ╤à╨╡╨╗╨░╤é ╨║╨░╨┐╤ü. (╨┐╤Ç╨╛╤ä╨╕╨╗╨░╨║╤é╨╕╨║╨░ ╨░╨╜╨╡╨╝╨╕╨╕, 
╤ü╨╕╨╜╤é╨╡╨╖ ╨│╨╡╨╝╨╛╨│╨╗╨░╨▒╨╕╨╜╨░) 400╨╝╨│ Γäû60 gls". Read more: https://nextjs.org/docs/messages/prerender-error

ReferenceError: productData is not defined
    at rJ (C:\Users\SALOM\marketplace-nextjs\.next\server\app\product\[id]\page.js:60:4156)

Error occurred prerendering page "/product/╨║╨╛╨╢╨░ ╨▓╨╛╨╗╨╛╤ü╤ï ╨╜╨╛╨│╤é╨╕ ╨║╨░╨┐╤ü. 400╨╝╨│ Γäû60 gls". Read more: 
https://nextjs.org/docs/messages/prerender-error

ReferenceError: productData is not defined
    at rJ (C:\Users\SALOM\marketplace-nextjs\.next\server\app\product\[id]\page.js:60:4156)
ReferenceError: productData is not defined
    at rJ (C:\Users\SALOM\marketplace-nextjs\.next\server\app\product\[id]\page.js:60:4156)
ReferenceError: productData is not defined
    at rJ (C:\Users\SALOM\marketplace-nextjs\.next\server\app\product\[id]\page.js:60:4156)
    at runNextTicks (node:internal/process/task_queues:64:5)
    at listOnTimeout (node:internal/timers:567:9)
    at process.processTimers (node:internal/timers:541:7)

Error occurred prerendering page "/product/╨║╨╛╨╗╨╗╨░╨│╨╡╨╜ ╨╢╨╕╨▓╨╛╤é╨╜╤ï╨╣ ╨║╨░╨┐╤ü. (╨║╤Ç╨░╤ü╨╛╤é╨░, 
╤ü╤â╤ü╤é╨░╨▓╤ï) 400╨╝╨│ Γäû120 gls". Read more: https://nextjs.org/docs/messages/prerender-error

ReferenceError: productData is not defined
    at rJ (C:\Users\SALOM\marketplace-nextjs\.next\server\app\product\[id]\page.js:60:4156)
ReferenceError: productData is not defined
    at rJ (C:\Users\SALOM\marketplace-nextjs\.next\server\app\product\[id]\page.js:60:4156)
ReferenceError: productData is not defined
    at rJ (C:\Users\SALOM\marketplace-nextjs\.next\server\app\product\[id]\page.js:60:4156)

Error occurred prerendering page "/product/5-htp ╨║╨░╨┐╤ü. (╤ü╨┐╨╛╨║╨╛╨╣╤ü╤é╨▓╨╕╨╡, ╤ü╨╛╨╜) 400╨╝╨│ Γäû60 gls". Read 
more: https://nextjs.org/docs/messages/prerender-error

ReferenceError: productData is not defined
    at rJ (C:\Users\SALOM\marketplace-nextjs\.next\server\app\product\[id]\page.js:60:4156)
ReferenceError: productData is not defined
    at rJ (C:\Users\SALOM\marketplace-nextjs\.next\server\app\product\[id]\page.js:60:4156)
ReferenceError: productData is not defined
    at rJ (C:\Users\SALOM\marketplace-nextjs\.next\server\app\product\[id]\page.js:60:4156)
    at runNextTicks (node:internal/process/task_queues:64:5)
    at listOnTimeout (node:internal/timers:567:9)
    at process.processTimers (node:internal/timers:541:7)

Error occurred prerendering page "/product/╤å╨╕╨╜╨║ ╤å╨╕╤é╤Ç╨░╤é ╨║╨░╨┐╤ü. (╨┤╨╗╤Å ╤ü╨╕╨╗╤ï ╨╝╤â╨╢╤ç╨╕╨╜ ╨╕ 
╨╢╨╡╨╜╤ë╨╕╨╜)350╨╝╨│ Γäû60 gls". Read more: https://nextjs.org/docs/messages/prerender-error

ReferenceError: productData is not defined
    at rJ (C:\Users\SALOM\marketplace-nextjs\.next\server\app\product\[id]\page.js:60:4156)

Error occurred prerendering page "/product/╨╕╨╜╨╛╨╖╨╕╤é╨╛╨╗ (╨╝╨░╨║╤ü╨╕╤ä╨╡╤Ç╤é) ╨║╨░╨┐╤ü. (╨▒╨░╨╗╨░╨╜╤ü 
╨│╨░╤Ç╨╝╨╛╨╜╨╛╨▓) Γäû90 gls". Read more: https://nextjs.org/docs/messages/prerender-error

ReferenceError: productData is not defined
    at rJ (C:\Users\SALOM\marketplace-nextjs\.next\server\app\product\[id]\page.js:60:4156)

Error occurred prerendering page "/product/╨▓╨╕╤é╨░╨╝╨╕╨╜╤ï ╨┤╨╗╤Å ╨│╨╗╨░╨╖ ╨║╨░╨┐╤ü.420╨╝╨│ Γäû60 gls". Read more: 
https://nextjs.org/docs/messages/prerender-error

ReferenceError: productData is not defined
    at rJ (C:\Users\SALOM\marketplace-nextjs\.next\server\app\product\[id]\page.js:60:4156)

Error occurred prerendering page "/product/╨│╨╕╨░╨╗╤â╤Ç╨╛╨╜╨╛╨▓╨░╤Å ╨║╨╕╤ü╨╗╨╛╤é╨░ ╨║╨░╨┐╤ü. (╨║╤Ç╨░╤ü╨╛╤é╨░, 
╨║╨╛╨╢╨░, ╤ü╤â╤ü╤é╨░╨▓╤ï) 300╨╝╨│ Γäû30 gls". Read more: https://nextjs.org/docs/messages/prerender-error

ReferenceError: productData is not defined
    at rJ (C:\Users\SALOM\marketplace-nextjs\.next\server\app\product\[id]\page.js:60:4156)
ReferenceError: productData is not defined
    at rJ (C:\Users\SALOM\marketplace-nextjs\.next\server\app\product\[id]\page.js:60:4156)
ReferenceError: productData is not defined
    at rJ (C:\Users\SALOM\marketplace-nextjs\.next\server\app\product\[id]\page.js:60:4156)
ReferenceError: productData is not defined
    at rJ (C:\Users\SALOM\marketplace-nextjs\.next\server\app\product\[id]\page.js:60:4156)
ReferenceError: productData is not defined
    at rJ (C:\Users\SALOM\marketplace-nextjs\.next\server\app\product\[id]\page.js:60:4156)
ReferenceError: productData is not defined
    at rJ (C:\Users\SALOM\marketplace-nextjs\.next\server\app\product\[id]\page.js:60:4156)
ReferenceError: productData is not defined
    at rJ (C:\Users\SALOM\marketplace-nextjs\.next\server\app\product\[id]\page.js:60:4156)
ReferenceError: productData is not defined
    at rJ (C:\Users\SALOM\marketplace-nextjs\.next\server\app\product\[id]\page.js:60:4156)
ReferenceError: productData is not defined
    at rJ (C:\Users\SALOM\marketplace-nextjs\.next\server\app\product\[id]\page.js:60:4156)
ReferenceError: productData is not defined
    at rJ (C:\Users\SALOM\marketplace-nextjs\.next\server\app\product\[id]\page.js:60:4156)
ReferenceError: productData is not defined
    at rJ (C:\Users\SALOM\marketplace-nextjs\.next\server\app\product\[id]\page.js:60:4156)
ReferenceError: productData is not defined
    at rJ (C:\Users\SALOM\marketplace-nextjs\.next\server\app\product\[id]\page.js:60:4156)
ReferenceError: productData is not defined
    at rJ (C:\Users\SALOM\marketplace-nextjs\.next\server\app\product\[id]\page.js:60:4156)

Error occurred prerendering page "/product/╨║╤Ç╨╡╨░╤é╨╕╨╜ ╨┐╨╛╤Ç╨╛╤ê╨╛╨║ (╨╝╤ï╤ê╤å╤ï, ╤ì╨╜╨╡╤Ç╨│╨╕╤Å) ╤ì╨║╨╖╨╛╤é╨╕╨║ 
150╨│ gls". Read more: https://nextjs.org/docs/messages/prerender-error

ReferenceError: productData is not defined
    at rJ (C:\Users\SALOM\marketplace-nextjs\.next\server\app\product\[id]\page.js:60:4156)

Error occurred prerendering page "/product/╨▓╨╕╤é╨░╨╝╨╕╨╜╤ï ╨┤╨╗╤Å ╨▒╨╡╤Ç╨╡╨╝╨╡╨╜╨╜╤ï╤à ╨║╨░╨┐╤ü.500╨╝╨│ Γäû60 gls". 
Read more: https://nextjs.org/docs/messages/prerender-error

ReferenceError: productData is not defined
    at rJ (C:\Users\SALOM\marketplace-nextjs\.next\server\app\product\[id]\page.js:60:4156)

Error occurred prerendering page "/product/╨║╨╛╨╗╨╗╨░╨│╨╡╨╜ ╨┤╨╗╤Å ╤ü╤â╤ü╤é╨░╨▓╨╛╨▓ ╨║╨░╨┐╤ü.400╨╝╨│ Γäû120 gls". Read 
more: https://nextjs.org/docs/messages/prerender-error

ReferenceError: productData is not defined
    at rJ (C:\Users\SALOM\marketplace-nextjs\.next\server\app\product\[id]\page.js:60:4156)

Error occurred prerendering page "/product/╨▓╨╕╤é╨░╨╝╨╕╨╜ ╤ü ╤ê╨╕╨┐╤â╤ç╨╕╨╡ ╤é╨░╨▒. (╨╕╨╝╨╝╤â╨╜╨╕╤é╨╡╤é, ╤ü╨╡╤Ç╨┤╤å╨╡, 
╨║╤Ç╨░╤ü╨╛╤é╨░) 900╨╝╨│ Γäû20 ╨╗╨╕╨╝╨╛╨╜". Read more: https://nextjs.org/docs/messages/prerender-error

ReferenceError: productData is not defined
    at rJ (C:\Users\SALOM\marketplace-nextjs\.next\server\app\product\[id]\page.js:60:4156)

Error occurred prerendering page "/product/╨▓╨╕╤é╨░╨╝╨╕╨╜ d3 ╨┤╨╗╤Å ╨┤╨╡╤é╨╡╨╣ ╨┐╨░╤ü╤é. (╨╕╨╝╨╝╤â╨╜╨╕╤é╨╡╤é, 
╨║╨╛╤ü╤é╨╕) Γäû30 gls". Read more: https://nextjs.org/docs/messages/prerender-error

ReferenceError: productData is not defined
    at rJ (C:\Users\SALOM\marketplace-nextjs\.next\server\app\product\[id]\page.js:60:4156)

Error occurred prerendering page "/product/╨╝╤â╨╗╤î╤é╨╕╨▓╨╕╤é╨░╨╝╨╕╨╜╤ï ╨░╨║╤é╨╕╨▓ ╤ê╨╕╨┐╤â╤ç╨╕╨╡ ╤é╨░╨▒. Γäû20 
╨╝╤â╨╗╤î╤é╨╕╤ä╤Ç╤â╨║╤é". Read more: https://nextjs.org/docs/messages/prerender-error

ReferenceError: productData is not defined
    at rJ (C:\Users\SALOM\marketplace-nextjs\.next\server\app\product\[id]\page.js:60:4156)
ReferenceError: productData is not defined
    at rJ (C:\Users\SALOM\marketplace-nextjs\.next\server\app\product\[id]\page.js:60:4156)
ReferenceError: productData is not defined
    at rJ (C:\Users\SALOM\marketplace-nextjs\.next\server\app\product\[id]\page.js:60:4156)

Error occurred prerendering page "/product/╨╝╤â╨╗╤î╤é╨╕╨▓╨╕╤é╨░╨╝╨╕╨╜╤ï ╨┤╨╗╤Å ╨┤╨╡╤é╨╡╨╣ ╨║╨░╨┐╤ü. (╤Ç╨░╨╖╨▓╨╕╤é╨╕╨╡, 
╨╝╨╛╨╖╨│) 450╨╝╨│ Γäû60 gls". Read more: https://nextjs.org/docs/messages/prerender-error

ReferenceError: productData is not defined
    at rJ (C:\Users\SALOM\marketplace-nextjs\.next\server\app\product\[id]\page.js:60:4156)
ReferenceError: productData is not defined
    at rJ (C:\Users\SALOM\marketplace-nextjs\.next\server\app\product\[id]\page.js:60:4156)
ReferenceError: productData is not defined
    at rJ (C:\Users\SALOM\marketplace-nextjs\.next\server\app\product\[id]\page.js:60:4156)

Error occurred prerendering page "/product/╨╝╤â╨╗╤î╤é╨╕╨▓╨╕╤é╨░╨╝╨╕╨╜╤ï ╨┤╨╗╤Å ╨┤╨╡╤é╨╡╨╣ ╨┐╨░╤ü╤é. (╤Ç╨░╨╖╨▓╨╕╤é╨╕╨╡, 
╨╝╨╛╨╖╨│) Γäû90 gls". Read more: https://nextjs.org/docs/messages/prerender-error

ReferenceError: productData is not defined
    at rJ (C:\Users\SALOM\marketplace-nextjs\.next\server\app\product\[id]\page.js:60:4156)
ReferenceError: productData is not defined
    at rJ (C:\Users\SALOM\marketplace-nextjs\.next\server\app\product\[id]\page.js:60:4156)
ReferenceError: productData is not defined
    at rJ (C:\Users\SALOM\marketplace-nextjs\.next\server\app\product\[id]\page.js:60:4156)

Error occurred prerendering page "/product/╨┐╤Ç╨╛╤é╨╡╨╕╨╜ ╨┐╨╛╤Ç╨╛╤ê╨╛╨║ (╨▓╨╡╤ü, ╨╝╤ï╤ê╤å╤ï, ╤ì╨╜╨╡╤Ç╨│╨╕╤Å) 900╨│ 
╤ê╨╛╨║╨╛╨╗╨░╨┤ gls". Read more: https://nextjs.org/docs/messages/prerender-error

ReferenceError: productData is not defined
    at rJ (C:\Users\SALOM\marketplace-nextjs\.next\server\app\product\[id]\page.js:60:4156)
ReferenceError: productData is not defined
    at rJ (C:\Users\SALOM\marketplace-nextjs\.next\server\app\product\[id]\page.js:60:4156)
ReferenceError: productData is not defined
    at rJ (C:\Users\SALOM\marketplace-nextjs\.next\server\app\product\[id]\page.js:60:4156)
    at runNextTicks (node:internal/process/task_queues:64:5)
    at listOnTimeout (node:internal/timers:567:9)
    at process.processTimers (node:internal/timers:541:7)
ReferenceError: productData is not defined
    at rJ (C:\Users\SALOM\marketplace-nextjs\.next\server\app\product\[id]\page.js:60:4156)
ReferenceError: productData is not defined
    at rJ (C:\Users\SALOM\marketplace-nextjs\.next\server\app\product\[id]\page.js:60:4156)

Error occurred prerendering page "/product/╨│╨╕╨░╨╗╤â╤Ç╨╛╨╜╨╛╨▓╨░╤Å ╨║╨╕╤ü╨╗╨╛╤é╨░ ╨║╨░╨┐╤ü. (╨║╤Ç╨░╤ü╨╛╤é╨░, 
╨║╨╛╨╢╨░, ╤ü╤â╤ü╤é╨░╨▓╤ï) 300╨╝╨│ Γäû60 gls". Read more: https://nextjs.org/docs/messages/prerender-error

ReferenceError: productData is not defined
    at rJ (C:\Users\SALOM\marketplace-nextjs\.next\server\app\product\[id]\page.js:60:4156)
ReferenceError: productData is not defined
    at rJ (C:\Users\SALOM\marketplace-nextjs\.next\server\app\product\[id]\page.js:60:4156)
ReferenceError: productData is not defined
    at rJ (C:\Users\SALOM\marketplace-nextjs\.next\server\app\product\[id]\page.js:60:4156)

   Generating static pages (58/117) 

Error occurred prerendering page "/product/╤é╨╕╤Ç╨╛╨╖╨╕╨╜ ╨║╨░╨┐╤ü. (╨┐╨╛╤à╤â╨┤╨╡╨╜╨╕╨╡, ╤ü╨╡╤Ç╨┤╤å╨╡) 500╨╝╨│ Γäû90 
gls". Read more: https://nextjs.org/docs/messages/prerender-error

ReferenceError: productData is not defined
    at rJ (C:\Users\SALOM\marketplace-nextjs\.next\server\app\product\[id]\page.js:60:4156)

Error occurred prerendering page "/product/╤å╨╕╨╜╨║ ╤à╨╡╨╗╨░╤é ╨║╨░╨┐╤ü. (╨┤╨╗╤Å ╨╝╤â╨╢╤ç╨╕╨╜ ╨╕ ╨▓╨╛╨╗╨╛╤ü) 400╨╝╨│ 
Γäû60 gls". Read more: https://nextjs.org/docs/messages/prerender-error

ReferenceError: productData is not defined
    at rJ (C:\Users\SALOM\marketplace-nextjs\.next\server\app\product\[id]\page.js:60:4156)
ReferenceError: productData is not defined
    at rJ (C:\Users\SALOM\marketplace-nextjs\.next\server\app\product\[id]\page.js:60:4156)
ReferenceError: productData is not defined
    at rJ (C:\Users\SALOM\marketplace-nextjs\.next\server\app\product\[id]\page.js:60:4156)
    at runNextTicks (node:internal/process/task_queues:64:5)
    at listOnTimeout (node:internal/timers:567:9)
    at process.processTimers (node:internal/timers:541:7)

Error occurred prerendering page "/product/╨┐╤Ç╨╛╤é╨╡╨╕╨╜ ╨┐╨╛╤Ç╨╛╤ê╨╛╨║ (╨▓╨╡╤ü, ╨╝╤ï╤ê╤å╤ï, ╤ì╨╜╨╡╤Ç╨│╨╕╤Å) 900╨│ 
╨▓╨░╨╜╨╕╨╗╤î gls". Read more: https://nextjs.org/docs/messages/prerender-error

ReferenceError: productData is not defined
    at rJ (C:\Users\SALOM\marketplace-nextjs\.next\server\app\product\[id]\page.js:60:4156)
ReferenceError: productData is not defined
    at rJ (C:\Users\SALOM\marketplace-nextjs\.next\server\app\product\[id]\page.js:60:4156)
ReferenceError: productData is not defined
    at rJ (C:\Users\SALOM\marketplace-nextjs\.next\server\app\product\[id]\page.js:60:4156)

Error occurred prerendering page "/product/╨▓╨╕╤é╨░╨╝╨╕╨╜ ╤ü ╨║╨░╨┐╤ü. (╨╕╨╝╨╝╤â╨╜╨╕╤é╨╡╤é, ╤ü╨╡╤Ç╨┤╤å╨╡, 
╨║╤Ç╨░╤ü╨╛╤é╨░) 900╨╝╨│ 500╨╝╨│ Γäû60 gls". Read more: https://nextjs.org/docs/messages/prerender-error

ReferenceError: productData is not defined
    at rJ (C:\Users\SALOM\marketplace-nextjs\.next\server\app\product\[id]\page.js:60:4156)
ReferenceError: productData is not defined
    at rJ (C:\Users\SALOM\marketplace-nextjs\.next\server\app\product\[id]\page.js:60:4156)
ReferenceError: productData is not defined
    at rJ (C:\Users\SALOM\marketplace-nextjs\.next\server\app\product\[id]\page.js:60:4156)
ReferenceError: productData is not defined
    at rJ (C:\Users\SALOM\marketplace-nextjs\.next\server\app\product\[id]\page.js:60:4156)
ReferenceError: productData is not defined
    at rJ (C:\Users\SALOM\marketplace-nextjs\.next\server\app\product\[id]\page.js:60:4156)
ReferenceError: productData is not defined
    at rJ (C:\Users\SALOM\marketplace-nextjs\.next\server\app\product\[id]\page.js:60:4156)
ReferenceError: productData is not defined
    at rJ (C:\Users\SALOM\marketplace-nextjs\.next\server\app\product\[id]\page.js:60:4156)

Error occurred prerendering page "/product/╨▓╨╕╤é╨░╨╝╨╕╨╜ ╨░ 10000╨╝╨╡ ╨║╨░╨┐╤ü. (╨║╤Ç╨░╤ü╨╛╤é╨░, ╨╖╤Ç╨╡╨╜╨╕╨╡) 
400╨╝╨│ Γäû60 gls". Read more: https://nextjs.org/docs/messages/prerender-error

ReferenceError: productData is not defined
    at rJ (C:\Users\SALOM\marketplace-nextjs\.next\server\app\product\[id]\page.js:60:4156)

Error occurred prerendering page "/product/╨░╨╗╨╛╤ì ╨▓╨╡╤Ç╨░ ╨║╨░╨┐╤ü. (╨║╤Ç╨░╤ü╨╛╤é╨░, ╨╕╨╝╨╝╤â╨╜╨╕╤é╨╡╤é) 400╨╝╨│ 
Γäû60 gls". Read more: https://nextjs.org/docs/messages/prerender-error

ReferenceError: productData is not defined
    at rJ (C:\Users\SALOM\marketplace-nextjs\.next\server\app\product\[id]\page.js:60:4156)
ReferenceError: productData is not defined
    at rJ (C:\Users\SALOM\marketplace-nextjs\.next\server\app\product\[id]\page.js:60:4156)
ReferenceError: productData is not defined
    at rJ (C:\Users\SALOM\marketplace-nextjs\.next\server\app\product\[id]\page.js:60:4156)

Error occurred prerendering page "/product/╨║╤Ç╨╡╨░╤é╨╕╨╜ ╨┐╨╛╤Ç╨╛╤ê╨╛╨║ (╨╝╤ï╤ê╤å╤ï, ╤ì╨╜╨╡╤Ç╨│╨╕╤Å) ╨╝╨░╨╗╨╕╨╜╨░ 
300╨│ gls". Read more: https://nextjs.org/docs/messages/prerender-error

ReferenceError: productData is not defined
    at rJ (C:\Users\SALOM\marketplace-nextjs\.next\server\app\product\[id]\page.js:60:4156)
ReferenceError: productData is not defined
    at rJ (C:\Users\SALOM\marketplace-nextjs\.next\server\app\product\[id]\page.js:60:4156)
ReferenceError: productData is not defined
    at rJ (C:\Users\SALOM\marketplace-nextjs\.next\server\app\product\[id]\page.js:60:4156)

Error occurred prerendering page "/product/╨║╨╛╤ì╨╜╨╖╨╕╨╝ q10 ╨║╨░╨┐╤ü. (╨║╤Ç╨░╤ü╨╛╤é╨░, ╤ü╨╡╤Ç╨┤╤å╨╡) 310╨╝╨│ Γäû60 
gls". Read more: https://nextjs.org/docs/messages/prerender-error

ReferenceError: productData is not defined
    at rJ (C:\Users\SALOM\marketplace-nextjs\.next\server\app\product\[id]\page.js:60:4156)
ReferenceError: productData is not defined
    at rJ (C:\Users\SALOM\marketplace-nextjs\.next\server\app\product\[id]\page.js:60:4156)
ReferenceError: productData is not defined
    at rJ (C:\Users\SALOM\marketplace-nextjs\.next\server\app\product\[id]\page.js:60:4156)

Error occurred prerendering page "/product/╨▓╨╕╤é╨░╨╝╨╕╨╜ b12 ╨║╨░╨┐╤ü.(╨║╤Ç╨╛╨▓╤î, ╨╜╨╡╤Ç╨▓╤ï) 190╨╝╨│ Γäû60 gls". 
Read more: https://nextjs.org/docs/messages/prerender-error

ReferenceError: productData is not defined
    at rJ (C:\Users\SALOM\marketplace-nextjs\.next\server\app\product\[id]\page.js:60:4156)

Error occurred prerendering page "/product/msm ╨║╨╛╨╝╨┐╨╗╨╡╨║╤ü ╨║╨░╨┐╤ü.400╨╝╨│ Γäû120 gls". Read more: 
https://nextjs.org/docs/messages/prerender-error

ReferenceError: productData is not defined
    at rJ (C:\Users\SALOM\marketplace-nextjs\.next\server\app\product\[id]\page.js:60:4156)
ReferenceError: productData is not defined
    at rJ (C:\Users\SALOM\marketplace-nextjs\.next\server\app\product\[id]\page.js:60:4156)
ReferenceError: productData is not defined
    at rJ (C:\Users\SALOM\marketplace-nextjs\.next\server\app\product\[id]\page.js:60:4156)
ReferenceError: productData is not defined
    at rJ (C:\Users\SALOM\marketplace-nextjs\.next\server\app\product\[id]\page.js:60:4156)
ReferenceError: productData is not defined
    at rJ (C:\Users\SALOM\marketplace-nextjs\.next\server\app\product\[id]\page.js:60:4156)
ReferenceError: productData is not defined
    at rJ (C:\Users\SALOM\marketplace-nextjs\.next\server\app\product\[id]\page.js:60:4156)
ReferenceError: productData is not defined
    at rJ (C:\Users\SALOM\marketplace-nextjs\.next\server\app\product\[id]\page.js:60:4156)
ReferenceError: productData is not defined
    at rJ (C:\Users\SALOM\marketplace-nextjs\.next\server\app\product\[id]\page.js:60:4156)
ReferenceError: productData is not defined
    at rJ (C:\Users\SALOM\marketplace-nextjs\.next\server\app\product\[id]\page.js:60:4156)
ReferenceError: productData is not defined
    at rJ (C:\Users\SALOM\marketplace-nextjs\.next\server\app\product\[id]\page.js:60:4156)
ReferenceError: productData is not defined
    at rJ (C:\Users\SALOM\marketplace-nextjs\.next\server\app\product\[id]\page.js:60:4156)
ReferenceError: productData is not defined
    at rJ (C:\Users\SALOM\marketplace-nextjs\.next\server\app\product\[id]\page.js:60:4156)
ReferenceError: productData is not defined
    at rJ (C:\Users\SALOM\marketplace-nextjs\.next\server\app\product\[id]\page.js:60:4156)

Error occurred prerendering page "/product/╨╢╨╡╨╗╨╡╨╖╨╛ ╤ä╤â╨╝╨░╤Ç╨░╤é ╨║╨░╨┐╤ü. (╨║╨╕╤ü╨╗╨╛╤Ç╨╛╨┤, ╤ì╨╜╨╡╤Ç╨│╨╕╤Å, 
╨│╨╡╨╝╨╛╨│╨╗╨╛╨▒╨╕╨╜) 270╨╝╨│ Γäû60 gls". Read more: https://nextjs.org/docs/messages/prerender-error

ReferenceError: productData is not defined
    at rJ (C:\Users\SALOM\marketplace-nextjs\.next\server\app\product\[id]\page.js:60:4156)

Error occurred prerendering page "/product/╤à╤Ç╨╛╨╝╨░ ╨┐╨╕╨║╨╛╨╗╨╕╨╜╨░╤é 250╨╝╨║╨│ ╨║╨░╨┐╤ü. (╨┐╨╛╤à╤â╨┤╨╡╨╜╨╕╨╡, 
╨╝╨╡╤é╨░╨▒╨╛╨╗╨╕╨╖╨╝) 240╨╝╨│ Γäû60 gls". Read more: https://nextjs.org/docs/messages/prerender-error

ReferenceError: productData is not defined
    at rJ (C:\Users\SALOM\marketplace-nextjs\.next\server\app\product\[id]\page.js:60:4156)

Error occurred prerendering page "/product/╤ü╨╡╨╝╨╡╨╜╨░ ╨╗╤î╨╜╨░ ╨┐╨╛╤Ç╨╛╤ê╨╛╨║ (╨┐╨╛╤à╤â╨┤╨╡╨╜╨╕╨╡, ╨╛╤ç╨╕╤ë╨╡╨╜╨╕╨╡, 
╨╝╨╕╨║╤Ç╨╛╨▒╨╕╨╛╨╝) 200╨│ gls". Read more: https://nextjs.org/docs/messages/prerender-error

ReferenceError: productData is not defined
    at rJ (C:\Users\SALOM\marketplace-nextjs\.next\server\app\product\[id]\page.js:60:4156)
ReferenceError: productData is not defined
    at rJ (C:\Users\SALOM\marketplace-nextjs\.next\server\app\product\[id]\page.js:60:4156)
ReferenceError: productData is not defined
    at rJ (C:\Users\SALOM\marketplace-nextjs\.next\server\app\product\[id]\page.js:60:4156)

Error occurred prerendering page "/product/╨╝╨░╨│╨╜╨╕╨╣ ╨▓6 ╨┤╨╗╤Å ╨▒╨╡╤Ç╨╡╨╝╨╡╨╜╨╜╤ï╤à ╨║╨░╨┐╤ü. 450╨╝╨│ Γäû180 gls". 
Read more: https://nextjs.org/docs/messages/prerender-error

ReferenceError: productData is not defined
    at rJ (C:\Users\SALOM\marketplace-nextjs\.next\server\app\product\[id]\page.js:60:4156)

Error occurred prerendering page "/product/╨╛╨╝╨╡╨│╨░-3 35%╨┐╨╜╨╢╨║ ╨║╨░╨┐╤ü.610╨│ Γäû60 gls". Read more: 
https://nextjs.org/docs/messages/prerender-error

ReferenceError: productData is not defined
    at rJ (C:\Users\SALOM\marketplace-nextjs\.next\server\app\product\[id]\page.js:60:4156)
ReferenceError: productData is not defined
    at rJ (C:\Users\SALOM\marketplace-nextjs\.next\server\app\product\[id]\page.js:60:4156)
ReferenceError: productData is not defined
    at rJ (C:\Users\SALOM\marketplace-nextjs\.next\server\app\product\[id]\page.js:60:4156)
    at runNextTicks (node:internal/process/task_queues:64:5)
    at listOnTimeout (node:internal/timers:567:9)
    at process.processTimers (node:internal/timers:541:7)
ReferenceError: productData is not defined
    at rJ (C:\Users\SALOM\marketplace-nextjs\.next\server\app\product\[id]\page.js:60:4156)
ReferenceError: productData is not defined
    at rJ (C:\Users\SALOM\marketplace-nextjs\.next\server\app\product\[id]\page.js:60:4156)

Error occurred prerendering page "/product/pqq ╨║╨╛╨╝╨┐╨╗╨╡╨║╤ü ╨║╨░╨┐╤ü. (╤ì╨╜╨╡╤Ç╨│╨╕╤Å, 
╨┐╤Ç╨╛╨┤╤â╨║╤é╨╕╨▓╨╜╨╛╤ü╤é╤î) 400╨╝╨│ Γäû30 gls". Read more: https://nextjs.org/docs/messages/prerender-error

ReferenceError: productData is not defined
    at rJ (C:\Users\SALOM\marketplace-nextjs\.next\server\app\product\[id]\page.js:60:4156)
ReferenceError: productData is not defined
    at rJ (C:\Users\SALOM\marketplace-nextjs\.next\server\app\product\[id]\page.js:60:4156)
ReferenceError: productData is not defined
    at rJ (C:\Users\SALOM\marketplace-nextjs\.next\server\app\product\[id]\page.js:60:4156)
ReferenceError: productData is not defined
    at rJ (C:\Users\SALOM\marketplace-nextjs\.next\server\app\product\[id]\page.js:60:4156)
ReferenceError: productData is not defined
    at rJ (C:\Users\SALOM\marketplace-nextjs\.next\server\app\product\[id]\page.js:60:4156)
ReferenceError: productData is not defined
    at rJ (C:\Users\SALOM\marketplace-nextjs\.next\server\app\product\[id]\page.js:60:4156)
ReferenceError: productData is not defined
    at rJ (C:\Users\SALOM\marketplace-nextjs\.next\server\app\product\[id]\page.js:60:4156)

Error occurred prerendering page "/product/╨╝╤â╨╗╤î╤é╨╕╨▓╨╕╤é╨░╨╝╨╕╨╜╤ï 12+9 ╨║╨░╨┐╤ü.420╨╝╨│ Γäû120 gls". Read more: 
https://nextjs.org/docs/messages/prerender-error

ReferenceError: productData is not defined
    at rJ (C:\Users\SALOM\marketplace-nextjs\.next\server\app\product\[id]\page.js:60:4156)

Error occurred prerendering page "/product/╨▒╨╡╤é╨░-╨║╨░╤Ç╨╛╤é╨╕╨╜ ╨║╨░╨┐╤ü (╨╛╨╝╨╛╨╗╨╛╨╢╨╡╨╜╨╕╨╡, ╨║╨╛╨╢╨░, 
╨╖╤Ç╨╡╨╜╨╕╨╡) 450╨╝╨│ Γäû60 gls". Read more: https://nextjs.org/docs/messages/prerender-error

ReferenceError: productData is not defined
    at rJ (C:\Users\SALOM\marketplace-nextjs\.next\server\app\product\[id]\page.js:60:4156)

Error occurred prerendering page "/product/╨▓╨╕╤é╨░╨╝╨╕╨╜ d3 ╨┤╨╗╤Å ╨┤╨╡╤é╨╡╨╣ ╨┐╨░╤ü╤é. (╨╕╨╝╨╝╤â╨╜╨╕╤é╨╡╤é, 
╨║╨╛╤ü╤é╨╕) Γäû90 gls". Read more: https://nextjs.org/docs/messages/prerender-error

ReferenceError: productData is not defined
    at rJ (C:\Users\SALOM\marketplace-nextjs\.next\server\app\product\[id]\page.js:60:4156)
ReferenceError: productData is not defined
    at rJ (C:\Users\SALOM\marketplace-nextjs\.next\server\app\product\[id]\page.js:60:4156)
ReferenceError: productData is not defined
    at rJ (C:\Users\SALOM\marketplace-nextjs\.next\server\app\product\[id]\page.js:60:4156)
    at runNextTicks (node:internal/process/task_queues:64:5)
    at listOnTimeout (node:internal/timers:567:9)
    at process.processTimers (node:internal/timers:541:7)
ReferenceError: productData is not defined
    at rJ (C:\Users\SALOM\marketplace-nextjs\.next\server\app\product\[id]\page.js:60:4156)
ReferenceError: productData is not defined
    at rJ (C:\Users\SALOM\marketplace-nextjs\.next\server\app\product\[id]\page.js:60:4156)

Error occurred prerendering page "/product/╨▓╨╕╤é╨░╨╝╨╕╨╜ b5 ╨║╨░╨┐╤ü. (╨╢╨╕╤Ç╨╛╤ü╨╢╨╕╨│╨░╨╜╨╕╨╡. ╤ì╨╜╨╡╤Ç╨│╨╕╤Å) 
400╨╝╨│ Γäû60 gls". Read more: https://nextjs.org/docs/messages/prerender-error

ReferenceError: productData is not defined
    at rJ (C:\Users\SALOM\marketplace-nextjs\.next\server\app\product\[id]\page.js:60:4156)

Error occurred prerendering page "/product/╨▓╨╕╤é╨░╨╝╨╕╨╜ ╨┤3 2000╨╝╨╡ ╨║╨░╨┐╤ü. (╨╕╨╝╨╝╤â╨╜╨╕╤é╨╡╤é, ╨║╨╛╤ü╤é╨╕) 
240╨╝╨│ Γäû60 gls". Read more: https://nextjs.org/docs/messages/prerender-error

ReferenceError: productData is not defined
    at rJ (C:\Users\SALOM\marketplace-nextjs\.next\server\app\product\[id]\page.js:60:4156)
ReferenceError: productData is not defined
    at rJ (C:\Users\SALOM\marketplace-nextjs\.next\server\app\product\[id]\page.js:60:4156)
ReferenceError: productData is not defined
    at rJ (C:\Users\SALOM\marketplace-nextjs\.next\server\app\product\[id]\page.js:60:4156)

Error occurred prerendering page "/product/╨╛╨╝╨╡╨│╨░-3 ╨▓╨╕╤é╨░╨╝╨╕╨╜ d3 ╨║╨░╨┐╤ü. (╤ü╨╡╤Ç╨┤╤å╨╡, 
╨║╨╛╨╜╤å╨╡╨╜╤é╤Ç╨░╤å╨╕╤Å ╤â╨╝╨░) 700╨╝╨│ Γäû120 gls". Read more: https://nextjs.org/docs/messages/prerender-error

ReferenceError: productData is not defined
    at rJ (C:\Users\SALOM\marketplace-nextjs\.next\server\app\product\[id]\page.js:60:4156)
ReferenceError: productData is not defined
    at rJ (C:\Users\SALOM\marketplace-nextjs\.next\server\app\product\[id]\page.js:60:4156)
ReferenceError: productData is not defined
    at rJ (C:\Users\SALOM\marketplace-nextjs\.next\server\app\product\[id]\page.js:60:4156)
    at runNextTicks (node:internal/process/task_queues:64:5)
    at listOnTimeout (node:internal/timers:567:9)
    at process.processTimers (node:internal/timers:541:7)
ReferenceError: productData is not defined
    at rJ (C:\Users\SALOM\marketplace-nextjs\.next\server\app\product\[id]\page.js:60:4156)
ReferenceError: productData is not defined
    at rJ (C:\Users\SALOM\marketplace-nextjs\.next\server\app\product\[id]\page.js:60:4156)

Error occurred prerendering page "/product/╨╢╨╡╨╜╤ü╨║╨░╤Å ╤ä╨╛╤Ç╨╝╤â╨╗╨░ ╨║╨░╨┐╤ü. (╨║╤Ç╨░╤ü╨╛╤é╨░, 
╨╝╨╛╨╗╨╛╨┤╨╛╤ü╤é╤î) 430╨╝╨│ Γäû60 gls". Read more: https://nextjs.org/docs/messages/prerender-error

ReferenceError: productData is not defined
    at rJ (C:\Users\SALOM\marketplace-nextjs\.next\server\app\product\[id]\page.js:60:4156)

Error occurred prerendering page "/product/╨║╤Ç╨╡╨░╤é╨╕╨╜ ╨┐╨╛╤Ç╨╛╤ê╨╛╨║ (╨╝╤ï╤ê╤å╤ï, ╤ì╨╜╨╡╤Ç╨│╨╕╤Å) ╨╝╨░╨╗╨╕╨╜╨░ 
150╨│ gls". Read more: https://nextjs.org/docs/messages/prerender-error

ReferenceError: productData is not defined
    at rJ (C:\Users\SALOM\marketplace-nextjs\.next\server\app\product\[id]\page.js:60:4156)
ReferenceError: productData is not defined
    at rJ (C:\Users\SALOM\marketplace-nextjs\.next\server\app\product\[id]\page.js:60:4156)
ReferenceError: productData is not defined
    at rJ (C:\Users\SALOM\marketplace-nextjs\.next\server\app\product\[id]\page.js:60:4156)

Error occurred prerendering page "/product/╨╝╨░╨│╨╜╨╕╨╣ ╤å╨╕╤é╤Ç╨░╤é + ╨▓6 ╨║╨░╨┐╤ü (╤ü╨┐╨╛╨║╨╛╨╣╤ü╤é╨▓╨╕╨╡, 
╨╝╤ï╤ê╤å╤ï, ╤ü╨╡╤Ç╨┤╤å╨╡) 500╨╝╨│ Γäû90 gls". Read more: https://nextjs.org/docs/messages/prerender-error

ReferenceError: productData is not defined
    at rJ (C:\Users\SALOM\marketplace-nextjs\.next\server\app\product\[id]\page.js:60:4156)
ReferenceError: productData is not defined
    at rJ (C:\Users\SALOM\marketplace-nextjs\.next\server\app\product\[id]\page.js:60:4156)
ReferenceError: productData is not defined
    at rJ (C:\Users\SALOM\marketplace-nextjs\.next\server\app\product\[id]\page.js:60:4156)
ReferenceError: productData is not defined
    at rJ (C:\Users\SALOM\marketplace-nextjs\.next\server\app\product\[id]\page.js:60:4156)
ReferenceError: productData is not defined
    at rJ (C:\Users\SALOM\marketplace-nextjs\.next\server\app\product\[id]\page.js:60:4156)

Error occurred prerendering page "/product/╤ä╨╛╤Ç╨╝╤â╨╗╨░ ╨┐╨░╨╝╤Å╤é╨╕ "╨╜╨╛╨╛╤ä╨╕╤é" ╨║╨░╨┐╤ü.400╨╝╨│ Γäû60 gls". 
Read more: https://nextjs.org/docs/messages/prerender-error

ReferenceError: productData is not defined
    at rJ (C:\Users\SALOM\marketplace-nextjs\.next\server\app\product\[id]\page.js:60:4156)

Error occurred prerendering page "/product/╨╢╨╕╤Ç╨╛╤ü╨╢╨╕╨│╨░╤é╨╡╨╗╤î ╨║╨░╨┐╤ü. (╨┐╨╛╤à╤â╨┤╨╡╨╜╨╕╨╡) Γäû60 gls". Read 
more: https://nextjs.org/docs/messages/prerender-error

ReferenceError: productData is not defined
    at rJ (C:\Users\SALOM\marketplace-nextjs\.next\server\app\product\[id]\page.js:60:4156)
ReferenceError: productData is not defined
    at rJ (C:\Users\SALOM\marketplace-nextjs\.next\server\app\product\[id]\page.js:60:4156)
ReferenceError: productData is not defined
    at rJ (C:\Users\SALOM\marketplace-nextjs\.next\server\app\product\[id]\page.js:60:4156)

Error occurred prerendering page "/product/╤å╨╕╨╜╨║ ╨▒╨╡╨╖ ╤ü╨░╤à╨░╤Ç╨░ ╤ê╨╕╨┐╤â╤ç╨╕╨╡ ╤é╨░╨▒.Γäû20 ╨╝.3,8╨│ 
╨╗╨╕╨╝╨╛╨╜ gls". Read more: https://nextjs.org/docs/messages/prerender-error

ReferenceError: productData is not defined
    at rJ (C:\Users\SALOM\marketplace-nextjs\.next\server\app\product\[id]\page.js:60:4156)

   Generating static pages (87/117) 
ReferenceError: productData is not defined
    at rJ (C:\Users\SALOM\marketplace-nextjs\.next\server\app\product\[id]\page.js:60:4156)
ReferenceError: productData is not defined
    at rJ (C:\Users\SALOM\marketplace-nextjs\.next\server\app\product\[id]\page.js:60:4156)
ReferenceError: productData is not defined
    at rJ (C:\Users\SALOM\marketplace-nextjs\.next\server\app\product\[id]\page.js:60:4156)
ReferenceError: productData is not defined
    at rJ (C:\Users\SALOM\marketplace-nextjs\.next\server\app\product\[id]\page.js:60:4156)
ReferenceError: productData is not defined
    at rJ (C:\Users\SALOM\marketplace-nextjs\.next\server\app\product\[id]\page.js:60:4156)
ReferenceError: productData is not defined
    at rJ (C:\Users\SALOM\marketplace-nextjs\.next\server\app\product\[id]\page.js:60:4156)

Error occurred prerendering page "/product/╨╛╨╝╨╡╨│╨░-3 35%╨┐╨╜╨╢╨║ ╨║╨░╨┐╤ü. 610╨│ Γäû120 gls". Read more: 
https://nextjs.org/docs/messages/prerender-error

ReferenceError: productData is not defined
    at rJ (C:\Users\SALOM\marketplace-nextjs\.next\server\app\product\[id]\page.js:60:4156)

Error occurred prerendering page "/product/╨▓╨╕╤é╨░╨╝╨╕╨╜ ╨┤3+╨║2 ╨║╨░╨┐╤ü. (╨║╨╛╤ü╤é╨╕, ╤ü╨╛╤ü╤â╨┤╤ï) 220╨╝╨│ Γäû60 
gls". Read more: https://nextjs.org/docs/messages/prerender-error

ReferenceError: productData is not defined
    at rJ (C:\Users\SALOM\marketplace-nextjs\.next\server\app\product\[id]\page.js:60:4156)

Error occurred prerendering page "/product/╨▓╨╕╤é╨░╨╝╨╕╨╜ ╤ü ╨┤╨╡╤é╤ü. ╨┐╨░╤ü╤é. (╨╕╨╝╨╝╤â╨╜╨╕╤é╨╡╤é, ╤ü╨╡╤Ç╨┤╤å╨╡) 
Γäû90 ╨░╨┐╨╡╨╗╤î╤ü╨╕╨╜". Read more: https://nextjs.org/docs/messages/prerender-error

ReferenceError: productData is not defined
    at rJ (C:\Users\SALOM\marketplace-nextjs\.next\server\app\product\[id]\page.js:60:4156)
ReferenceError: productData is not defined
    at rJ (C:\Users\SALOM\marketplace-nextjs\.next\server\app\product\[id]\page.js:60:4156)
ReferenceError: productData is not defined
    at rJ (C:\Users\SALOM\marketplace-nextjs\.next\server\app\product\[id]\page.js:60:4156)
ReferenceError: productData is not defined
    at rJ (C:\Users\SALOM\marketplace-nextjs\.next\server\app\product\[id]\page.js:60:4156)
ReferenceError: productData is not defined
    at rJ (C:\Users\SALOM\marketplace-nextjs\.next\server\app\product\[id]\page.js:60:4156)
ReferenceError: productData is not defined
    at rJ (C:\Users\SALOM\marketplace-nextjs\.next\server\app\product\[id]\page.js:60:4156)
ReferenceError: productData is not defined
    at rJ (C:\Users\SALOM\marketplace-nextjs\.next\server\app\product\[id]\page.js:60:4156)
    at runNextTicks (node:internal/process/task_queues:64:5)
    at listOnTimeout (node:internal/timers:567:9)
    at process.processTimers (node:internal/timers:541:7)

Error occurred prerendering page "/product/╨╣╨╛╨┤ ╨║╨░╨┐╤ü. (╤ë╨╕╤é╨╛╨▓╨╕╨┤╨╜╨░╤Å ╨╢╨╡╨╗╨╡╨╖╨░, ╨▒╨░╨╗╨░╨╜╤ü 
╨│╨░╤Ç╨╝╨╛╨╜╨╛╨▓) Γäû60 gls". Read more: https://nextjs.org/docs/messages/prerender-error

ReferenceError: productData is not defined
    at rJ (C:\Users\SALOM\marketplace-nextjs\.next\server\app\product\[id]\page.js:60:4156)

Error occurred prerendering page "/product/╨║╤Ç╨╡╨░╤é╨╕╨╜ ╨┐╨╛╤Ç╨╛╤ê╨╛╨║ (╨╝╤ï╤ê╤å╤ï, ╤ì╨╜╨╡╤Ç╨│╨╕╤Å) ╤ì╨║╨╖╨╛╤é╨╕╨║ 
300╨│ gls". Read more: https://nextjs.org/docs/messages/prerender-error

ReferenceError: productData is not defined
    at rJ (C:\Users\SALOM\marketplace-nextjs\.next\server\app\product\[id]\page.js:60:4156)

Error occurred prerendering page "/product/╨║╨╛╨╗╨╗╨░╨│╨╡╨╜ ╨┐╨╛╤Ç╨╛╤ê╨╛╨║ (╨║╤Ç╨░╤ü╨╛╤é╨░, ╤ü╤â╤ü╤é╨░╨▓╤ï) ╨╗╨╕╨╝╨╛╨╜ 
180╨│ gls". Read more: https://nextjs.org/docs/messages/prerender-error

ReferenceError: productData is not defined
    at rJ (C:\Users\SALOM\marketplace-nextjs\.next\server\app\product\[id]\page.js:60:4156)
ReferenceError: productData is not defined
    at rJ (C:\Users\SALOM\marketplace-nextjs\.next\server\app\product\[id]\page.js:60:4156)
ReferenceError: productData is not defined
    at rJ (C:\Users\SALOM\marketplace-nextjs\.next\server\app\product\[id]\page.js:60:4156)

Error occurred prerendering page "/product/╨▓╨╕╤é╨░╨╝╨╕╨╜ ╨║2 ╨║╨░╨┐╤ü. (╨╛╨╝╨╛╨╗╨╛╨╢╨╡╨╜╨╕╨╡, ╤ü╨╛╤ü╤â╨┤╤ï) 400╨╝╨│ 
Γäû60 gls". Read more: https://nextjs.org/docs/messages/prerender-error

ReferenceError: productData is not defined
    at rJ (C:\Users\SALOM\marketplace-nextjs\.next\server\app\product\[id]\page.js:60:4156)

Error occurred prerendering page "/product/╨▓╨╕╤é╨░╨╝╨╕╨╜ ╨┤3 2000╨╝╨╡ ╨║╨░╨┐╤ü. (╨╕╨╝╨╝╤â╨╜╨╕╤é╨╡╤é, ╨║╨╛╤ü╤é╨╕) 
240╨╝╨│ Γäû120 gls". Read more: https://nextjs.org/docs/messages/prerender-error

ReferenceError: productData is not defined
    at rJ (C:\Users\SALOM\marketplace-nextjs\.next\server\app\product\[id]\page.js:60:4156)
ReferenceError: productData is not defined
    at rJ (C:\Users\SALOM\marketplace-nextjs\.next\server\app\product\[id]\page.js:60:4156)
ReferenceError: productData is not defined
    at rJ (C:\Users\SALOM\marketplace-nextjs\.next\server\app\product\[id]\page.js:60:4156)
    at runNextTicks (node:internal/process/task_queues:64:5)
    at listOnTimeout (node:internal/timers:567:9)
    at process.processTimers (node:internal/timers:541:7)
ReferenceError: productData is not defined
    at rJ (C:\Users\SALOM\marketplace-nextjs\.next\server\app\product\[id]\page.js:60:4156)
ReferenceError: productData is not defined
    at rJ (C:\Users\SALOM\marketplace-nextjs\.next\server\app\product\[id]\page.js:60:4156)
    at runNextTicks (node:internal/process/task_queues:64:5)
    at listOnTimeout (node:internal/timers:567:9)
    at process.processTimers (node:internal/timers:541:7)

Error occurred prerendering page "/product/╨┐╤Ç╨╛╤é╨╡╨╕╨╜ ╨┐╨╛╤Ç╨╛╤ê╨╛╨║ (╨▓╨╡╤ü, ╨╝╤ï╤ê╤å╤ï, ╤ì╨╜╨╡╤Ç╨│╨╕╤Å) 900╨│ 
╨║╨╗╤â╨▒╨╜╨╕╨║╨░ gls". Read more: https://nextjs.org/docs/messages/prerender-error

ReferenceError: productData is not defined
    at rJ (C:\Users\SALOM\marketplace-nextjs\.next\server\app\product\[id]\page.js:60:4156)
ReferenceError: productData is not defined
    at rJ (C:\Users\SALOM\marketplace-nextjs\.next\server\app\product\[id]\page.js:60:4156)
ReferenceError: productData is not defined
    at rJ (C:\Users\SALOM\marketplace-nextjs\.next\server\app\product\[id]\page.js:60:4156)
ReferenceError: productData is not defined
    at rJ (C:\Users\SALOM\marketplace-nextjs\.next\server\app\product\[id]\page.js:60:4156)
ReferenceError: productData is not defined
    at rJ (C:\Users\SALOM\marketplace-nextjs\.next\server\app\product\[id]\page.js:60:4156)
ReferenceError: productData is not defined
    at rJ (C:\Users\SALOM\marketplace-nextjs\.next\server\app\product\[id]\page.js:60:4156)
ReferenceError: productData is not defined
    at rJ (C:\Users\SALOM\marketplace-nextjs\.next\server\app\product\[id]\page.js:60:4156)

Error occurred prerendering page "/product/╨╗-╨║╨░╤Ç╨╜╨╕╤é╨╕╨╜ ╨║╨░╨┐╤ü. (╨┐╨╛╤à╤â╨┤╨╡╨╜╨╕╨╡, ╨╝╤ï╤ê╤å╤ï) 400╨╝╨│ 
Γäû60 gls". Read more: https://nextjs.org/docs/messages/prerender-error

ReferenceError: productData is not defined
    at rJ (C:\Users\SALOM\marketplace-nextjs\.next\server\app\product\[id]\page.js:60:4156)

Error occurred prerendering page "/product/╨╝╨░╨║╨░ ╨┐╨╡╤Ç╤â╨░╨╜╤ü╨║╨░╤Å ╨║╨░╨┐╤ü 350╨╝╨│ Γäû60 gls". Read more: 
https://nextjs.org/docs/messages/prerender-error

ReferenceError: productData is not defined
    at rJ (C:\Users\SALOM\marketplace-nextjs\.next\server\app\product\[id]\page.js:60:4156)

Error occurred prerendering page "/product/╤ç╨╡╤ü╨╜╨╛╨║ ╨║╨░╨┐╤ü. (╨╛╤ç╨╕╤ë╨╡╨╜╨╕╨╡, ╨╕╨╝╨╝╤â╨╜╨╕╤é╨╡╤é) 400╨╝╨│ Γäû60 
gls". Read more: https://nextjs.org/docs/messages/prerender-error

ReferenceError: productData is not defined
    at rJ (C:\Users\SALOM\marketplace-nextjs\.next\server\app\product\[id]\page.js:60:4156)

Error occurred prerendering page "/product/╨║╨░╨╗╤î╤å╨╕╨╣ d3 ╨║╨░╨┐╤ü. (╨╖╤â╨▒╤ï, ╨║╨╛╤ü╤é╨╕, ╨╜╨╛╨│╤é╨╕) 550╨╝╨│ 
Γäû90 gls". Read more: https://nextjs.org/docs/messages/prerender-error

ReferenceError: productData is not defined
    at rJ (C:\Users\SALOM\marketplace-nextjs\.next\server\app\product\[id]\page.js:60:4156)
ReferenceError: productData is not defined
    at rJ (C:\Users\SALOM\marketplace-nextjs\.next\server\app\product\[id]\page.js:60:4156)
ReferenceError: productData is not defined
    at rJ (C:\Users\SALOM\marketplace-nextjs\.next\server\app\product\[id]\page.js:60:4156)

Error occurred prerendering page "/product/╨╛╨╝╨╡╨│╨░ 3 pro ╨║╨░╨┐╤ü. (╤ü╨╡╤Ç╨┤╤å╨╡, ╨║╨╛╨╜╤å╨╡╨╜╤é╤Ç╨░╤å╨╕╤Å) 700╨╝╨│ 
Γäû60 gls". Read more: https://nextjs.org/docs/messages/prerender-error

ReferenceError: productData is not defined
    at rJ (C:\Users\SALOM\marketplace-nextjs\.next\server\app\product\[id]\page.js:60:4156)
ReferenceError: productData is not defined
    at rJ (C:\Users\SALOM\marketplace-nextjs\.next\server\app\product\[id]\page.js:60:4156)
ReferenceError: productData is not defined
    at rJ (C:\Users\SALOM\marketplace-nextjs\.next\server\app\product\[id]\page.js:60:4156)
ReferenceError: productData is not defined
    at rJ (C:\Users\SALOM\marketplace-nextjs\.next\server\app\product\[id]\page.js:60:4156)
ReferenceError: productData is not defined
    at rJ (C:\Users\SALOM\marketplace-nextjs\.next\server\app\product\[id]\page.js:60:4156)
ReferenceError: productData is not defined
    at rJ (C:\Users\SALOM\marketplace-nextjs\.next\server\app\product\[id]\page.js:60:4156)
ReferenceError: productData is not defined
    at rJ (C:\Users\SALOM\marketplace-nextjs\.next\server\app\product\[id]\page.js:60:4156)

Error occurred prerendering page "/product/╨╝╤â╨╗╤î╤é╨╕╨▓╨╕╤é╨░╨╝╨╕╨╜╤ï 12+9 ╨║╨░╨┐╤ü.420╨╝╨│ Γäû60 gls". Read more: 
https://nextjs.org/docs/messages/prerender-error

ReferenceError: productData is not defined
    at rJ (C:\Users\SALOM\marketplace-nextjs\.next\server\app\product\[id]\page.js:60:4156)
ReferenceError: productData is not defined
    at rJ (C:\Users\SALOM\marketplace-nextjs\.next\server\app\product\[id]\page.js:60:4156)
ReferenceError: productData is not defined
    at rJ (C:\Users\SALOM\marketplace-nextjs\.next\server\app\product\[id]\page.js:60:4156)

Error occurred prerendering page "/product/╨┐╤Ç╨╛╤é╨╡╨╕╨╜ ╨┐╨╛╤Ç╨╛╤ê╨╛╨║ (╨▓╨╡╤ü, ╨╝╤ï╤ê╤å╤ï, ╤ì╨╜╨╡╤Ç╨│╨╕╤Å) 900╨│ 
╤ü╨╗╨╕╨▓╨╛╤ç╨╜╤ï╨╣ ╨▒╨░╨╜╨░╨╜ gls". Read more: https://nextjs.org/docs/messages/prerender-error

ReferenceError: productData is not defined
    at rJ (C:\Users\SALOM\marketplace-nextjs\.next\server\app\product\[id]\page.js:60:4156)

Error occurred prerendering page "/product/╤ü╨┐╨╛╤Ç╤é╨╕╨▓╨╜╨░╤Å ╤ä╨╛╤Ç╨╝╤â╨╗╨░ ╨║╨░╨┐╤ü. 450╨╝╨│ Γäû60 gls". Read 
more: https://nextjs.org/docs/messages/prerender-error

ReferenceError: productData is not defined
    at rJ (C:\Users\SALOM\marketplace-nextjs\.next\server\app\product\[id]\page.js:60:4156)
ReferenceError: productData is not defined
    at rJ (C:\Users\SALOM\marketplace-nextjs\.next\server\app\product\[id]\page.js:60:4156)
ReferenceError: productData is not defined
    at rJ (C:\Users\SALOM\marketplace-nextjs\.next\server\app\product\[id]\page.js:60:4156)
ReferenceError: productData is not defined
    at rJ (C:\Users\SALOM\marketplace-nextjs\.next\server\app\product\[id]\page.js:60:4156)
ReferenceError: productData is not defined
    at rJ (C:\Users\SALOM\marketplace-nextjs\.next\server\app\product\[id]\page.js:60:4156)
    at runNextTicks (node:internal/process/task_queues:64:5)
    at listOnTimeout (node:internal/timers:567:9)
    at process.processTimers (node:internal/timers:541:7)
ReferenceError: productData is not defined
    at rJ (C:\Users\SALOM\marketplace-nextjs\.next\server\app\product\[id]\page.js:60:4156)
ReferenceError: productData is not defined
    at rJ (C:\Users\SALOM\marketplace-nextjs\.next\server\app\product\[id]\page.js:60:4156)

Error occurred prerendering page "/product/╨╛╨╝╨╡╨│╨░-3 ╨▓╨╕╤é╨░╨╝╨╕╨╜ d3 ╨║╨░╨┐╤ü. (╤ü╨╡╤Ç╨┤╤å╨╡, 
╨║╨╛╨╜╤å╨╡╨╜╤é╤Ç╨░╤å╨╕╤Å ╤â╨╝╨░) 700╨╝╨│ Γäû60 gls". Read more: https://nextjs.org/docs/messages/prerender-error

ReferenceError: productData is not defined
    at rJ (C:\Users\SALOM\marketplace-nextjs\.next\server\app\product\[id]\page.js:60:4156)

Error occurred prerendering page "/product/╤ü╨╡╨╗╨╡╨╜ 100╨╝╨║╨│ ╨║╨░╨┐╤ü. (╨║╤Ç╨░╤ü╨╛╤é╨░, ╨╕╨╝╨╝╤â╨╜╨╕╤é╨╡╤é) 270╨╝╨│ 
Γäû60 gls". Read more: https://nextjs.org/docs/messages/prerender-error

ReferenceError: productData is not defined
    at rJ (C:\Users\SALOM\marketplace-nextjs\.next\server\app\product\[id]\page.js:60:4156)

Error occurred prerendering page "/product/╨╛╨╝╨╡╨│╨░-3 fish oil ╨║╨░╨┐╤ü. (╤ü╨╛╤ü╤â╨┤╤ï, ╨╕╨╝╨╝╤â╨╜╨╕╤é╨╡╤é, 
╤ü╤â╤ü╤é╨░╨▓╤ï) 720╨╝╨│ Γäû120". Read more: https://nextjs.org/docs/messages/prerender-error

ReferenceError: productData is not defined
    at rJ (C:\Users\SALOM\marketplace-nextjs\.next\server\app\product\[id]\page.js:60:4156)

Error occurred prerendering page "/product/╨║╨╛╨╗╨╗╨░╨│╨╡╨╜ ╨┐╨╛╤Ç╨╛╤ê╨╛╨║ (╨║╤Ç╨░╤ü╨╛╤é╨░, ╤ü╤â╤ü╤é╨░╨▓╤ï) 
╨╝╨░╨╗╨╕╨╜╨░ 180╨│ gls". Read more: https://nextjs.org/docs/messages/prerender-error

ReferenceError: productData is not defined
    at rJ (C:\Users\SALOM\marketplace-nextjs\.next\server\app\product\[id]\page.js:60:4156)

Error occurred prerendering page "/product/╨▓╨╕╤é╨░╨╝╨╕╨╜ ╤ü ╤ê╨╕╨┐╤â╤ç╨╕╨╡ ╤é╨░╨▒. (╨╕╨╝╨╝╤â╨╜╨╕╤é╨╡╤é, ╤ü╨╡╤Ç╨┤╤å╨╡, 
╨║╤Ç╨░╤ü╨╛╤é╨░) 900╨╝╨│ Γäû20 ╨░╨┐╨╡╨╗╤î╤ü╨╕╨╜". Read more: https://nextjs.org/docs/messages/prerender-error

ReferenceError: productData is not defined
    at rJ (C:\Users\SALOM\marketplace-nextjs\.next\server\app\product\[id]\page.js:60:4156)

Error occurred prerendering page "/product/╨║╨╛╨╗╨╗╨░╨│╨╡╨╜ ╨╝╨╛╤Ç╤ü╨║╨╛╨╣ 1000╨╝╨╡ ╨║╨░╨┐╤ü. (╨╝╨╛╨╗╨╛╨┤╨╛╤ü╤é╤î, 
╨║╨╛╨╢╨░, ╨▓╨╛╨╗╨╛╤ü╤ï) 430╨╝╨│ Γäû90 gls". Read more: https://nextjs.org/docs/messages/prerender-error

ReferenceError: productData is not defined
    at rJ (C:\Users\SALOM\marketplace-nextjs\.next\server\app\product\[id]\page.js:60:4156)
ReferenceError: productData is not defined
    at rJ (C:\Users\SALOM\marketplace-nextjs\.next\server\app\product\[id]\page.js:60:4156)
ReferenceError: productData is not defined
    at rJ (C:\Users\SALOM\marketplace-nextjs\.next\server\app\product\[id]\page.js:60:4156)
ReferenceError: productData is not defined
    at rJ (C:\Users\SALOM\marketplace-nextjs\.next\server\app\product\[id]\page.js:60:4156)
ReferenceError: productData is not defined
    at rJ (C:\Users\SALOM\marketplace-nextjs\.next\server\app\product\[id]\page.js:60:4156)
ReferenceError: productData is not defined
    at rJ (C:\Users\SALOM\marketplace-nextjs\.next\server\app\product\[id]\page.js:60:4156)
ReferenceError: productData is not defined
    at rJ (C:\Users\SALOM\marketplace-nextjs\.next\server\app\product\[id]\page.js:60:4156)
ReferenceError: productData is not defined
    at rJ (C:\Users\SALOM\marketplace-nextjs\.next\server\app\product\[id]\page.js:60:4156)
ReferenceError: productData is not defined
    at rJ (C:\Users\SALOM\marketplace-nextjs\.next\server\app\product\[id]\page.js:60:4156)
ReferenceError: productData is not defined
    at rJ (C:\Users\SALOM\marketplace-nextjs\.next\server\app\product\[id]\page.js:60:4156)
ReferenceError: productData is not defined
    at rJ (C:\Users\SALOM\marketplace-nextjs\.next\server\app\product\[id]\page.js:60:4156)
    at runNextTicks (node:internal/process/task_queues:64:5)
    at listOnTimeout (node:internal/timers:567:9)
    at process.processTimers (node:internal/timers:541:7)
ReferenceError: productData is not defined
    at rJ (C:\Users\SALOM\marketplace-nextjs\.next\server\app\product\[id]\page.js:60:4156)
ReferenceError: productData is not defined
    at rJ (C:\Users\SALOM\marketplace-nextjs\.next\server\app\product\[id]\page.js:60:4156)

Error occurred prerendering page "/product/╤å╨╕╨╜╨║ ╤ü╨╡╨╗╨╡╨╜ ╨║╨░╨┐╤ü. (╨║╤Ç╨░╤ü╨╛╤é╨░, ╤ä╨╡╤é╨╕╨╗╤î╨╜╨╛╤ü╤é╤î) 
320╨╝╨│ Γäû60 gls". Read more: https://nextjs.org/docs/messages/prerender-error

ReferenceError: productData is not defined
    at rJ (C:\Users\SALOM\marketplace-nextjs\.next\server\app\product\[id]\page.js:60:4156)

Error occurred prerendering page "/product/╨║╤Ç╨╡╨░╤é╨╕╨╜ ╨┐╨╛╤Ç╨╛╤ê╨╛╨║ (╨╝╤ï╤ê╤å╤ï, ╤ì╨╜╨╡╤Ç╨│╨╕╤Å) ╤å╨╕╤é╤Ç╤â╤ü 
150╨│ gls". Read more: https://nextjs.org/docs/messages/prerender-error

ReferenceError: productData is not defined
    at rJ (C:\Users\SALOM\marketplace-nextjs\.next\server\app\product\[id]\page.js:60:4156)

Error occurred prerendering page "/product/╤à╤Ç╨╛╨╝╨░ ╨┐╨╕╨║╨╛╨╗╨╕╨╜╨░╤é 250╨╝╨║╨│ ╨║╨░╨┐╤ü. (╨┐╨╛╤à╤â╨┤╨╡╨╜╨╕╨╡, 
╨╝╨╡╤é╨░╨▒╨╛╨╗╨╕╨╖╨╝) 240╨╝╨│ Γäû120 gls". Read more: https://nextjs.org/docs/messages/prerender-error

ReferenceError: productData is not defined
    at rJ (C:\Users\SALOM\marketplace-nextjs\.next\server\app\product\[id]\page.js:60:4156)

Error occurred prerendering page "/product/╨║╤Ç╨╡╨░╤é╨╕╨╜ ╨┐╨╛╤Ç╨╛╤ê╨╛╨║ (╨╝╤ï╤ê╤å╤ï, ╤ì╨╜╨╡╤Ç╨│╨╕╤Å) ╤å╨╕╤é╤Ç╤â╤ü 
300╨│ gls". Read more: https://nextjs.org/docs/messages/prerender-error

ReferenceError: productData is not defined
    at rJ (C:\Users\SALOM\marketplace-nextjs\.next\server\app\product\[id]\page.js:60:4156)

Error occurred prerendering page "/product/╨░╨╗╤î╤ä╨░ ╨╗╨╕╨┐╨╛╨╡╨▓╨░╤Å ╨║╨╕╤ü╨╗╨╛╤é╨░ ╨║╨░╨┐╤ü. (╨╝╨╛╨╗╨╛╨┤╨╛╤ü╤é╤î, 
╨┐╨╛╤à╤â╨┤╨╡╨╜╨╕╨╡) 400╨╝╨│ Γäû60 gls". Read more: https://nextjs.org/docs/messages/prerender-error

ReferenceError: productData is not defined
    at rJ (C:\Users\SALOM\marketplace-nextjs\.next\server\app\product\[id]\page.js:60:4156)

Error occurred prerendering page "/product/╨║╨╛╨╗╨╗╨░╨│╨╡╨╜ ╨╝╨╛╤Ç╤ü╨║╨╛╨╣ 1000╨╝╨╡ ╨║╨░╨┐╤ü. (╨╝╨╛╨╗╨╛╨┤╨╛╤ü╤é╤î, 
╨║╨╛╨╢╨░, ╨▓╨╛╨╗╨╛╤ü╤ï) 430╨╝╨│ Γäû180 gls". Read more: https://nextjs.org/docs/messages/prerender-error

ReferenceError: productData is not defined
    at rJ (C:\Users\SALOM\marketplace-nextjs\.next\server\app\product\[id]\page.js:60:4156)

 Γ£ô Generating static pages (117/117) 

> Export encountered errors on following paths:
	/product/[id]/page: /product/5-htp ╨║╨░╨┐╤ü. (╤ü╨┐╨╛╨║╨╛╨╣╤ü╤é╨▓╨╕╨╡, ╤ü╨╛╨╜) 400╨╝╨│ Γäû60 gls
	/product/[id]/page: /product/msm ╨║╨╛╨╝╨┐╨╗╨╡╨║╤ü ╨║╨░╨┐╤ü.400╨╝╨│ Γäû120 gls
	/product/[id]/page: /product/pqq ╨║╨╛╨╝╨┐╨╗╨╡╨║╤ü ╨║╨░╨┐╤ü. (╤ì╨╜╨╡╤Ç╨│╨╕╤Å, ╨┐╤Ç╨╛╨┤╤â╨║╤é╨╕╨▓╨╜╨╛╤ü╤é╤î) 400╨╝╨│ 
Γäû30 gls
	/product/[id]/page: /product/╨░╨╗╨╛╤ì ╨▓╨╡╤Ç╨░ ╨║╨░╨┐╤ü. (╨║╤Ç╨░╤ü╨╛╤é╨░, ╨╕╨╝╨╝╤â╨╜╨╕╤é╨╡╤é) 400╨╝╨│ Γäû60 gls
	/product/[id]/page: /product/╨░╨╗╤î╤ä╨░ ╨╗╨╕╨┐╨╛╨╡╨▓╨░╤Å ╨║╨╕╤ü╨╗╨╛╤é╨░ ╨║╨░╨┐╤ü. (╨╝╨╛╨╗╨╛╨┤╨╛╤ü╤é╤î, 
╨┐╨╛╤à╤â╨┤╨╡╨╜╨╕╨╡) 400╨╝╨│ Γäû60 gls
	/product/[id]/page: /product/╨░╨╝╨╕╨╜╨╛╨║╨╕╤ü╨╗╨╛╤é╨╜╤ï╨╣ ╨║╨╛╨╝╨┐╨╗╨╡╨║╤ü ╨┐╨╛╤Ç╨╛╤ê╨╛╨║ (╤Ç╨╡╨╗╤î╨╡╤ä ╨╝╤ï╤ê╤å, 
╤ì╨╜╨╡╤Ç╨│╨╕╤Å) 156╨│ gls
	/product/[id]/page: /product/╨░╤Ç╨│╨╕╨╜╨╕╨╜ 1000 ╨║╨░╨┐╤ü. (╤ü╨╛╤ü╤â╨┤╤ï, ╨╝╤ï╤ê╤å╤ï) 400╨╝╨│ Γäû90 gls
	/product/[id]/page: /product/╨░╤Ç╤é╤â╤Ç╨╛╨╜ ╨║╨░╨┐╤ü. (╨╝╤â╨╢╤ü╨║╨░╤Å ╤ü╨╕╨╗╨░, ╤ì╨╜╨╡╤Ç╨│╨╕╤Å) 500╨╝╨│ Γäû90 gls
	/product/[id]/page: /product/╨▒╨░╤Ç╨▒╨░╤Ç╨╕╤ü ╨▒╨╡╤Ç╨▒╨╡╤Ç╨╕╨╜ ╨║╨░╨┐╤ü. (╨┐╨╛╤à╤â╨┤╨╡╨╜╨╕╨╡, ╨┐╨╡╤ç╨╡╨╜╤î, 
╨╝╨╡╤é╨░╨▒╨╛╨╗╨╕╨╖╨╝) Γäû60 gls
	/product/[id]/page: /product/╨▒╨╡╤é╨░-╨║╨░╤Ç╨╛╤é╨╕╨╜ ╨║╨░╨┐╤ü (╨╛╨╝╨╛╨╗╨╛╨╢╨╡╨╜╨╕╨╡, ╨║╨╛╨╢╨░, ╨╖╤Ç╨╡╨╜╨╕╨╡) 450╨╝╨│ 
Γäû60 gls
	/product/[id]/page: /product/╨▒╨╕╨╛╤é╨╕╨╜ ╨▒╨╡╨╖ ╤ü╨░╤à╨░╤Ç╨░ ╤ê╨╕╨┐╤â╤ç╨╕╨╡ ╤é╨░╨▒. (╨║╤Ç╨░╤ü╨╛╤é╨░, ╨║╨╛╨╢╨░) Γäû20 
╨╝╨░╤ü╤ü╨░ 3.8╨│ gls
	/product/[id]/page: /product/╨▓-╨║╨╛╨╝╨┐╨╗╨╡╨║╤ü ╨║╨░╨┐╤ü. (╨╕╨╝╨╝╤â╨╜╨╕╤é╨╡╤é, ╤ì╨╜╨╡╤Ç╨│╨╕╤Å) 430╨╝╨│ Γäû60 gls
	/product/[id]/page: /product/╨▓╨╕╤é╨░╨╝╨╕╨╜ b12 ╨║╨░╨┐╤ü.(╨║╤Ç╨╛╨▓╤î, ╨╜╨╡╤Ç╨▓╤ï) 190╨╝╨│ Γäû60 gls
	/product/[id]/page: /product/╨▓╨╕╤é╨░╨╝╨╕╨╜ b5 ╨║╨░╨┐╤ü. (╨╢╨╕╤Ç╨╛╤ü╨╢╨╕╨│╨░╨╜╨╕╨╡. ╤ì╨╜╨╡╤Ç╨│╨╕╤Å) 400╨╝╨│ Γäû60 gls
	/product/[id]/page: /product/╨▓╨╕╤é╨░╨╝╨╕╨╜ d3 ╨┤╨╗╤Å ╨┤╨╡╤é╨╡╨╣ ╨┐╨░╤ü╤é. (╨╕╨╝╨╝╤â╨╜╨╕╤é╨╡╤é, ╨║╨╛╤ü╤é╨╕) Γäû30 gls
	/product/[id]/page: /product/╨▓╨╕╤é╨░╨╝╨╕╨╜ d3 ╨┤╨╗╤Å ╨┤╨╡╤é╨╡╨╣ ╨┐╨░╤ü╤é. (╨╕╨╝╨╝╤â╨╜╨╕╤é╨╡╤é, ╨║╨╛╤ü╤é╨╕) Γäû90 gls
	/product/[id]/page: /product/╨▓╨╕╤é╨░╨╝╨╕╨╜ ╨░ 10000╨╝╨╡ ╨║╨░╨┐╤ü. (╨║╤Ç╨░╤ü╨╛╤é╨░, ╨╖╤Ç╨╡╨╜╨╕╨╡) 400╨╝╨│ Γäû60 gls
	/product/[id]/page: /product/╨▓╨╕╤é╨░╨╝╨╕╨╜ ╨┤3 2000╨╝╨╡ ╨║╨░╨┐╤ü. (╨╕╨╝╨╝╤â╨╜╨╕╤é╨╡╤é, ╨║╨╛╤ü╤é╨╕) 240╨╝╨│ Γäû120 gls
	/product/[id]/page: /product/╨▓╨╕╤é╨░╨╝╨╕╨╜ ╨┤3 2000╨╝╨╡ ╨║╨░╨┐╤ü. (╨╕╨╝╨╝╤â╨╜╨╕╤é╨╡╤é, ╨║╨╛╤ü╤é╨╕) 240╨╝╨│ Γäû60 gls
	/product/[id]/page: /product/╨▓╨╕╤é╨░╨╝╨╕╨╜ ╨┤3+╨║2 ╨║╨░╨┐╤ü. (╨║╨╛╤ü╤é╨╕, ╤ü╨╛╤ü╤â╨┤╤ï) 220╨╝╨│ Γäû60 gls
	/product/[id]/page: /product/╨▓╨╕╤é╨░╨╝╨╕╨╜ ╨║2 ╨║╨░╨┐╤ü. (╨╛╨╝╨╛╨╗╨╛╨╢╨╡╨╜╨╕╨╡, ╤ü╨╛╤ü╤â╨┤╤ï) 400╨╝╨│ Γäû60 gls
	/product/[id]/page: /product/╨▓╨╕╤é╨░╨╝╨╕╨╜ ╤ü ╨┤╨╡╤é╤ü. ╨┐╨░╤ü╤é. (╨╕╨╝╨╝╤â╨╜╨╕╤é╨╡╤é, ╤ü╨╡╤Ç╨┤╤å╨╡) Γäû90 
╨░╨┐╨╡╨╗╤î╤ü╨╕╨╜
	/product/[id]/page: /product/╨▓╨╕╤é╨░╨╝╨╕╨╜ ╤ü ╨║╨░╨┐╤ü. (╨╕╨╝╨╝╤â╨╜╨╕╤é╨╡╤é, ╤ü╨╡╤Ç╨┤╤å╨╡, ╨║╤Ç╨░╤ü╨╛╤é╨░) 900╨╝╨│ 
500╨╝╨│ Γäû60 gls
	/product/[id]/page: /product/╨▓╨╕╤é╨░╨╝╨╕╨╜ ╤ü ╤ê╨╕╨┐╤â╤ç╨╕╨╡ ╤é╨░╨▒. (╨╕╨╝╨╝╤â╨╜╨╕╤é╨╡╤é, ╤ü╨╡╤Ç╨┤╤å╨╡, 
╨║╤Ç╨░╤ü╨╛╤é╨░) 900╨╝╨│ Γäû20 ╨░╨┐╨╡╨╗╤î╤ü╨╕╨╜
	/product/[id]/page: /product/╨▓╨╕╤é╨░╨╝╨╕╨╜ ╤ü ╤ê╨╕╨┐╤â╤ç╨╕╨╡ ╤é╨░╨▒. (╨╕╨╝╨╝╤â╨╜╨╕╤é╨╡╤é, ╤ü╨╡╤Ç╨┤╤å╨╡, 
╨║╤Ç╨░╤ü╨╛╤é╨░) 900╨╝╨│ Γäû20 ╨╗╨╕╨╝╨╛╨╜
	/product/[id]/page: /product/╨▓╨╕╤é╨░╨╝╨╕╨╜╤ï ╨┤╨╗╤Å ╨▒╨╡╤Ç╨╡╨╝╨╡╨╜╨╜╤ï╤à ╨║╨░╨┐╤ü.500╨╝╨│ Γäû60 gls
	/product/[id]/page: /product/╨▓╨╕╤é╨░╨╝╨╕╨╜╤ï ╨┤╨╗╤Å ╨▓╨╛╨╗╨╛╤ü ╨║╨░╨┐╤ü.370╨╝╨│ Γäû60 gls
	/product/[id]/page: /product/╨▓╨╕╤é╨░╨╝╨╕╨╜╤ï ╨┤╨╗╤Å ╨│╨╗╨░╨╖ ╨║╨░╨┐╤ü.420╨╝╨│ Γäû60 gls
	/product/[id]/page: /product/╨│╨╕╨░╨╗╤â╤Ç╨╛╨╜╨╛╨▓╨░╤Å ╨║╨╕╤ü╨╗╨╛╤é╨░ ╨║╨░╨┐╤ü. (╨║╤Ç╨░╤ü╨╛╤é╨░, ╨║╨╛╨╢╨░, 
╤ü╤â╤ü╤é╨░╨▓╤ï) 300╨╝╨│ Γäû30 gls
	/product/[id]/page: /product/╨│╨╕╨░╨╗╤â╤Ç╨╛╨╜╨╛╨▓╨░╤Å ╨║╨╕╤ü╨╗╨╛╤é╨░ ╨║╨░╨┐╤ü. (╨║╤Ç╨░╤ü╨╛╤é╨░, ╨║╨╛╨╢╨░, 
╤ü╤â╤ü╤é╨░╨▓╤ï) 300╨╝╨│ Γäû60 gls
	/product/[id]/page: /product/╨│╨╕╨╜╨║╨│╨╛ ╨▒╨╕╨╗╨╛╨▒╨░ + ╨│╨╛╤é╤â ╨║╨╛╨╗╨░ ╨║╨░╨┐╤ü. (╨┐╨░╨╝╤Å╤é╤î, 
╨┐╤Ç╨╛╨┤╤â╨║╤é╨╕╨▓╨╜╨╛╤ü╤é╤î) 380╨╝╨│ Γäû60 gls
	/product/[id]/page: /product/╨│╨╗╤â╤é╨░╤é╨╕╨╛╨╜ ╨║╨░╨┐╤ü. (╨╛╨╝╨╛╨╗╨╛╨╢╨╡╨╜╨╕╨╡, ╨╛╤ç╨╕╤ë╨╡╨╜╨╕╨╡) 300╨╝╨│ Γäû60 gls
	/product/[id]/page: /product/╨│╨╗╤Ä╨║╨╛╨╖╨░╨╝╨╕╨╜ ╤à╨╛╨╜╨┤╤Ç╨╛╨╕╤é╨╕╨╜ ╨║╨░╨┐╤ü. (╤ü╤â╤ü╤é╨░╨▓╤ï, ╨║╨╛╤ü╤é╨╕) 400╨╝╨│ 
Γäû120 gls
	/product/[id]/page: /product/╨┤╨╕╨░╨▒╨╡╤é ╤ä╨╛╤Ç╨╝╤â╨╗╨░ ╨║╨░╨┐╤ü.450╨╝╨│ Γäû60 gls
	/product/[id]/page: /product/╨╢╨╡╨╗╨╡╨╖╨╛ ╤ä╤â╨╝╨░╤Ç╨░╤é ╨║╨░╨┐╤ü. (╨║╨╕╤ü╨╗╨╛╤Ç╨╛╨┤, ╤ì╨╜╨╡╤Ç╨│╨╕╤Å, 
╨│╨╡╨╝╨╛╨│╨╗╨╛╨▒╨╕╨╜) 270╨╝╨│ Γäû60 gls
	/product/[id]/page: /product/╨╢╨╡╨╗╨╡╨╖╨╛ ╤à╨╡╨╗╨░╤é ╨║╨░╨┐╤ü. (╨┐╤Ç╨╛╤ä╨╕╨╗╨░╨║╤é╨╕╨║╨░ ╨░╨╜╨╡╨╝╨╕╨╕, ╤ü╨╕╨╜╤é╨╡╨╖ 
╨│╨╡╨╝╨╛╨│╨╗╨░╨▒╨╕╨╜╨░) 400╨╝╨│ Γäû60 gls
	/product/[id]/page: /product/╨╢╨╡╨╜╤ü╨║╨░╤Å ╤ä╨╛╤Ç╨╝╤â╨╗╨░ ╨║╨░╨┐╤ü. (╨║╤Ç╨░╤ü╨╛╤é╨░, ╨╝╨╛╨╗╨╛╨┤╨╛╤ü╤é╤î) 430╨╝╨│ 
Γäû60 gls
	/product/[id]/page: /product/╨╢╨╡╨╜╤î╤ê╨╡╨╜╤î ╨║╨░╨┐╤ü. (╨╕╨╝╨╝╤â╨╜╨╕╤é╨╡╤é, ╤ì╨╜╨╡╤Ç╨│╨╕╤Å) 200╨╝╨│ Γäû60 gls
	/product/[id]/page: /product/╨╢╨╕╤Ç╨╛╤ü╨╢╨╕╨│╨░╤é╨╡╨╗╤î ╨║╨░╨┐╤ü. (╨┐╨╛╤à╤â╨┤╨╡╨╜╨╕╨╡) Γäû60 gls
	/product/[id]/page: /product/╨╕╨╜╨╛╨╖╨╕╤é╨╛╨╗ (╨╝╨░╨║╤ü╨╕╤ä╨╡╤Ç╤é) ╨║╨░╨┐╤ü. (╨▒╨░╨╗╨░╨╜╤ü ╨│╨░╤Ç╨╝╨╛╨╜╨╛╨▓) Γäû90 gls
	/product/[id]/page: /product/╨╣╨╛╨┤ ╨║╨░╨┐╤ü. (╤ë╨╕╤é╨╛╨▓╨╕╨┤╨╜╨░╤Å ╨╢╨╡╨╗╨╡╨╖╨░, ╨▒╨░╨╗╨░╨╜╤ü ╨│╨░╤Ç╨╝╨╛╨╜╨╛╨▓) 
Γäû60 gls
	/product/[id]/page: /product/╨╣╨╛╤à╨╕╨╝╨▒╨╡ ╨║╨░╨┐╤ü (╨┐╨╛╤à╤â╨┤╨╡╨╜╨╕╨╡, ╤ì╨╜╨╡╤Ç╨│╨╕╤Å) 350╨╝╨│ Γäû60 gls
	/product/[id]/page: /product/╨║╨░╨╗╨╕╨╣ ╨╝╨░╨│╨╜╨╕╨╣ ╨║╨░╨┐╤ü. (╨┤╨╗╤Å ╤ü╨╡╤Ç╨┤╤å╨░) 430╨╝╨│ Γäû120 gls
	/product/[id]/page: /product/╨║╨░╨╗╤î╤å╨╕╨╣ d3 ╨║╨░╨┐╤ü. (╨╖╤â╨▒╤ï, ╨║╨╛╤ü╤é╨╕, ╨╜╨╛╨│╤é╨╕) 550╨╝╨│ Γäû90 gls
	/product/[id]/page: /product/╨║╨░╨╗╤î╤å╨╕╨╣ ╨╝╨░╨│╨╜╨╕╨╣ ╤å╤ï╨╜╨║ ╨║╨░╨┐╤ü. (╨░╨╜╤é╨╕╤ü╤é╤Ç╨╡╤ü╤ü, ╨║╨╛╤ü╤é╨╕) 
750╨╝╨│ Γäû120 gls
	/product/[id]/page: /product/╨║╨░╨╗╤î╤å╨╕╨╣ ╤å╨╕╤é╤Ç╨░╤é ╨║╨░╨┐╤ü. (╨╜╨╛╨│╤é╨╕, ╨╖╤â╨▒╤ï, ╨║╨╛╤ü╤é╨╕) Γäû120 gls
	/product/[id]/page: /product/╨║╨░╤Ç╨┤╨╕╨╛ ╤ä╨╛╤Ç╨╝╤â╨╗╨░ ╨║╨░╨┐╤ü.550╨╝╨│ Γäû60 gls
	/product/[id]/page: /product/╨║╨╛╨╢╨░ ╨▓╨╛╨╗╨╛╤ü╤ï ╨╜╨╛╨│╤é╨╕ ╨║╨░╨┐╤ü. 400╨╝╨│ Γäû60 gls
	/product/[id]/page: /product/╨║╨╛╨╗╨╗╨░╨│╨╡╨╜ ╨┤╨╗╤Å ╤ü╤â╤ü╤é╨░╨▓╨╛╨▓ ╨║╨░╨┐╤ü.400╨╝╨│ Γäû120 gls
	/product/[id]/page: /product/╨║╨╛╨╗╨╗╨░╨│╨╡╨╜ ╨╢╨╕╨▓╨╛╤é╨╜╤ï╨╣ ╨║╨░╨┐╤ü. (╨║╤Ç╨░╤ü╨╛╤é╨░, ╤ü╤â╤ü╤é╨░╨▓╤ï) 400╨╝╨│ 
Γäû120 gls
	/product/[id]/page: /product/╨║╨╛╨╗╨╗╨░╨│╨╡╨╜ ╨╝╨╛╤Ç╤ü╨║╨╛╨╣ 1000╨╝╨╡ ╨║╨░╨┐╤ü. (╨╝╨╛╨╗╨╛╨┤╨╛╤ü╤é╤î, ╨║╨╛╨╢╨░, 
╨▓╨╛╨╗╨╛╤ü╤ï) 430╨╝╨│ Γäû180 gls
	/product/[id]/page: /product/╨║╨╛╨╗╨╗╨░╨│╨╡╨╜ ╨╝╨╛╤Ç╤ü╨║╨╛╨╣ 1000╨╝╨╡ ╨║╨░╨┐╤ü. (╨╝╨╛╨╗╨╛╨┤╨╛╤ü╤é╤î, ╨║╨╛╨╢╨░, 
╨▓╨╛╨╗╨╛╤ü╤ï) 430╨╝╨│ Γäû90 gls
	/product/[id]/page: /product/╨║╨╛╨╗╨╗╨░╨│╨╡╨╜ ╨┐╨╛╤Ç╨╛╤ê╨╛╨║ (╨║╤Ç╨░╤ü╨╛╤é╨░, ╤ü╤â╤ü╤é╨░╨▓╤ï) ╨╗╨╡╤ü╨╜╤ï╨╡ ╤Å╨│╨╛╨┤╤ï 
180╨│ gls
	/product/[id]/page: /product/╨║╨╛╨╗╨╗╨░╨│╨╡╨╜ ╨┐╨╛╤Ç╨╛╤ê╨╛╨║ (╨║╤Ç╨░╤ü╨╛╤é╨░, ╤ü╤â╤ü╤é╨░╨▓╤ï) ╨╗╨╕╨╝╨╛╨╜ 180╨│ gls
	/product/[id]/page: /product/╨║╨╛╨╗╨╗╨░╨│╨╡╨╜ ╨┐╨╛╤Ç╨╛╤ê╨╛╨║ (╨║╤Ç╨░╤ü╨╛╤é╨░, ╤ü╤â╤ü╤é╨░╨▓╤ï) ╨╝╨░╨╗╨╕╨╜╨░ 180╨│ gls
	/product/[id]/page: /product/╨║╨╛╤ì╨╜╨╖╨╕╨╝ q10 ╨║╨░╨┐╤ü. (╨║╤Ç╨░╤ü╨╛╤é╨░, ╤ü╨╡╤Ç╨┤╤å╨╡) 310╨╝╨│ Γäû60 gls
	/product/[id]/page: /product/╨║╤Ç╨╡╨░╤é╨╕╨╜ ╨┐╨╛╤Ç╨╛╤ê╨╛╨║ (╨╝╤ï╤ê╤å╤ï, ╤ì╨╜╨╡╤Ç╨│╨╕╤Å) ╨╝╨░╨╗╨╕╨╜╨░ 150╨│ gls
	/product/[id]/page: /product/╨║╤Ç╨╡╨░╤é╨╕╨╜ ╨┐╨╛╤Ç╨╛╤ê╨╛╨║ (╨╝╤ï╤ê╤å╤ï, ╤ì╨╜╨╡╤Ç╨│╨╕╤Å) ╨╝╨░╨╗╨╕╨╜╨░ 300╨│ gls
	/product/[id]/page: /product/╨║╤Ç╨╡╨░╤é╨╕╨╜ ╨┐╨╛╤Ç╨╛╤ê╨╛╨║ (╨╝╤ï╤ê╤å╤ï, ╤ì╨╜╨╡╤Ç╨│╨╕╤Å) ╤å╨╕╤é╤Ç╤â╤ü 150╨│ gls
	/product/[id]/page: /product/╨║╤Ç╨╡╨░╤é╨╕╨╜ ╨┐╨╛╤Ç╨╛╤ê╨╛╨║ (╨╝╤ï╤ê╤å╤ï, ╤ì╨╜╨╡╤Ç╨│╨╕╤Å) ╤å╨╕╤é╤Ç╤â╤ü 300╨│ gls
	/product/[id]/page: /product/╨║╤Ç╨╡╨░╤é╨╕╨╜ ╨┐╨╛╤Ç╨╛╤ê╨╛╨║ (╨╝╤ï╤ê╤å╤ï, ╤ì╨╜╨╡╤Ç╨│╨╕╤Å) ╤ì╨║╨╖╨╛╤é╨╕╨║ 150╨│ gls
	/product/[id]/page: /product/╨║╤Ç╨╡╨░╤é╨╕╨╜ ╨┐╨╛╤Ç╨╛╤ê╨╛╨║ (╨╝╤ï╤ê╤å╤ï, ╤ì╨╜╨╡╤Ç╨│╨╕╤Å) ╤ì╨║╨╖╨╛╤é╨╕╨║ 300╨│ gls
	/product/[id]/page: /product/╨╗-╨║╨░╤Ç╨╜╨╕╤é╨╕╨╜ ╨║╨░╨┐╤ü. (╨┐╨╛╤à╤â╨┤╨╡╨╜╨╕╨╡, ╨╝╤ï╤ê╤å╤ï) 400╨╝╨│ Γäû60 gls
	/product/[id]/page: /product/╨╗╨╕╨┐╨╛╤é╤Ç╨╛╨┐╨╜╤ï╨╣ ╤ä╨░╨║╤é╨╛╤Ç ╨║╨░╨┐╤ü. (╨┐╨╛╤à╤â╨┤╨╡╨╜╨╕╨╡, ╨┐╨╡╤ç╨╡╨╜╤î) 450╨╝╨│ 
Γäû180 gls
	/product/[id]/page: /product/╨╝╨░╨│╨╜╨╕╨╣ ╨▓6 ╨┤╨╗╤Å ╨▒╨╡╤Ç╨╡╨╝╨╡╨╜╨╜╤ï╤à ╨║╨░╨┐╤ü. 450╨╝╨│ Γäû180 gls
	/product/[id]/page: /product/╨╝╨░╨│╨╜╨╕╨╣ ╤à╨╡╨╗╨░╤é ╨║╨░╨┐╤ü. (╤ü╨╛╨╜, ╨╜╨╡╤Ç╨▓╤ï, ╤ü╨╡╤Ç╨┤╤å╨╡) 400╨╝╨│ Γäû180 gls
	/product/[id]/page: /product/╨╝╨░╨│╨╜╨╕╨╣ ╤å╨╕╤é╤Ç╨░╤é + ╨▓6 ╨║╨░╨┐╤ü (╤ü╨┐╨╛╨║╨╛╨╣╤ü╤é╨▓╨╕╨╡, ╨╝╤ï╤ê╤å╤ï, 
╤ü╨╡╤Ç╨┤╤å╨╡) 500╨╝╨│ Γäû180 gls
	/product/[id]/page: /product/╨╝╨░╨│╨╜╨╕╨╣ ╤å╨╕╤é╤Ç╨░╤é + ╨▓6 ╨║╨░╨┐╤ü (╤ü╨┐╨╛╨║╨╛╨╣╤ü╤é╨▓╨╕╨╡, ╨╝╤ï╤ê╤å╤ï, 
╤ü╨╡╤Ç╨┤╤å╨╡) 500╨╝╨│ Γäû90 gls
	/product/[id]/page: /product/╨╝╨░╨║╨░ ╨┐╨╡╤Ç╤â╨░╨╜╤ü╨║╨░╤Å ╨║╨░╨┐╤ü 350╨╝╨│ Γäû60 gls
	/product/[id]/page: /product/╨╝╨╡╨╗╨░╤é╨╛╨╜╨╕╨╜ ╨╝╨╡╨╗╨╕╤ü╤ü╨╛╨╜ ╨║╨░╨┐╤ü. (╤ü╨╛╨╜, ╤ü╨┐╨╛╨║╨╛╨╣╤ü╤é╨▓╨╕╨╡) 2╨╝╨│ 
Γäû60 gls
	/product/[id]/page: /product/╨╝╤â╨╢╤ü╨║╨░╤Å ╤ä╨╛╤Ç╨╝╤â╨╗╨░ ╨║╨░╨┐╤ü. (╨╝╤â╨╢╤ü╨║╨░╤Å ╤ü╤ï╨╗╨░, ╤ì╨╜╨╡╤Ç╨│╨╕╤Å) 
440╨╝╨│ Γäû60 gls
	/product/[id]/page: /product/╨╝╤â╨╗╤î╤é╨╕╨▓╨╕╤é╨░╨╝╨╕╨╜╤ï 12+9 ╨║╨░╨┐╤ü.420╨╝╨│ Γäû120 gls
	/product/[id]/page: /product/╨╝╤â╨╗╤î╤é╨╕╨▓╨╕╤é╨░╨╝╨╕╨╜╤ï 12+9 ╨║╨░╨┐╤ü.420╨╝╨│ Γäû60 gls
	/product/[id]/page: /product/╨╝╤â╨╗╤î╤é╨╕╨▓╨╕╤é╨░╨╝╨╕╨╜╤ï ╨░╨║╤é╨╕╨▓ ╤ê╨╕╨┐╤â╤ç╨╕╨╡ ╤é╨░╨▒. Γäû20 
╨╝╤â╨╗╤î╤é╨╕╤ä╤Ç╤â╨║╤é
	/product/[id]/page: /product/╨╝╤â╨╗╤î╤é╨╕╨▓╨╕╤é╨░╨╝╨╕╨╜╤ï ╨┤╨╗╤Å ╨┤╨╡╤é╨╡╨╣ ╨║╨░╨┐╤ü. (╤Ç╨░╨╖╨▓╨╕╤é╨╕╨╡, ╨╝╨╛╨╖╨│) 
450╨╝╨│ Γäû60 gls
	/product/[id]/page: /product/╨╝╤â╨╗╤î╤é╨╕╨▓╨╕╤é╨░╨╝╨╕╨╜╤ï ╨┤╨╗╤Å ╨┤╨╡╤é╨╡╨╣ ╨┐╨░╤ü╤é. (╤Ç╨░╨╖╨▓╨╕╤é╨╕╨╡, ╨╝╨╛╨╖╨│) 
Γäû90 gls
	/product/[id]/page: /product/╨╝╤â╨╝╨╕╨╡ ╤ì╨║╤ü╤é╤Ç╨░╨║╤é ╨║╨░╨┐╤ü. (╨║╤Ç╨░╤ü╨╕╨▓╨░╤Å ╨║╨╛╨╢╨░, ╤ü╤â╤ü╤é╨░╨▓╤ï) 
300╨╝╨│ 400╨╝╨│ Γäû60 gls
	/product/[id]/page: /product/╨╛╨╝╨╡╨│╨░ 3 pro ╨║╨░╨┐╤ü. (╤ü╨╡╤Ç╨┤╤å╨╡, ╨║╨╛╨╜╤å╨╡╨╜╤é╤Ç╨░╤å╨╕╤Å) 700╨╝╨│ Γäû60 gls
	/product/[id]/page: /product/╨╛╨╝╨╡╨│╨░ 3-6-9 ╨║╨░╨┐╤ü. 700╨╝╨│ Γäû90 gls
	/product/[id]/page: /product/╨╛╨╝╨╡╨│╨░-3 35%╨┐╨╜╨╢╨║ ╨║╨░╨┐╤ü. 610╨│ Γäû120 gls
	/product/[id]/page: /product/╨╛╨╝╨╡╨│╨░-3 35%╨┐╨╜╨╢╨║ ╨║╨░╨┐╤ü.610╨│ Γäû60 gls
	/product/[id]/page: /product/╨╛╨╝╨╡╨│╨░-3 fish oil ╨║╨░╨┐╤ü. (╤ü╨╛╤ü╤â╨┤╤ï, ╨╕╨╝╨╝╤â╨╜╨╕╤é╨╡╤é, ╤ü╤â╤ü╤é╨░╨▓╤ï) 
720╨╝╨│ Γäû120
	/product/[id]/page: /product/╨╛╨╝╨╡╨│╨░-3 ╨▓╨╕╤é╨░╨╝╨╕╨╜ d3 ╨║╨░╨┐╤ü. (╤ü╨╡╤Ç╨┤╤å╨╡, ╨║╨╛╨╜╤å╨╡╨╜╤é╤Ç╨░╤å╨╕╤Å ╤â╨╝╨░) 
700╨╝╨│ Γäû120 gls
	/product/[id]/page: /product/╨╛╨╝╨╡╨│╨░-3 ╨▓╨╕╤é╨░╨╝╨╕╨╜ d3 ╨║╨░╨┐╤ü. (╤ü╨╡╤Ç╨┤╤å╨╡, ╨║╨╛╨╜╤å╨╡╨╜╤é╤Ç╨░╤å╨╕╤Å ╤â╨╝╨░) 
700╨╝╨│ Γäû60 gls
	/product/[id]/page: /product/╨┐╤Ç╨╛╤é╨╡╨╕╨╜ ╨┐╨╛╤Ç╨╛╤ê╨╛╨║ (╨▓╨╡╤ü, ╨╝╤ï╤ê╤å╤ï, ╤ì╨╜╨╡╤Ç╨│╨╕╤Å) 900╨│ ╨▓╨░╨╜╨╕╨╗╤î gls
	/product/[id]/page: /product/╨┐╤Ç╨╛╤é╨╡╨╕╨╜ ╨┐╨╛╤Ç╨╛╤ê╨╛╨║ (╨▓╨╡╤ü, ╨╝╤ï╤ê╤å╤ï, ╤ì╨╜╨╡╤Ç╨│╨╕╤Å) 900╨│ 
╨║╨╗╤â╨▒╨╜╨╕╨║╨░ gls
	/product/[id]/page: /product/╨┐╤Ç╨╛╤é╨╡╨╕╨╜ ╨┐╨╛╤Ç╨╛╤ê╨╛╨║ (╨▓╨╡╤ü, ╨╝╤ï╤ê╤å╤ï, ╤ì╨╜╨╡╤Ç╨│╨╕╤Å) 900╨│ 
╤ü╨╗╨╕╨▓╨╛╤ç╨╜╤ï╨╣ ╨▒╨░╨╜╨░╨╜ gls
	/product/[id]/page: /product/╨┐╤Ç╨╛╤é╨╡╨╕╨╜ ╨┐╨╛╤Ç╨╛╤ê╨╛╨║ (╨▓╨╡╤ü, ╨╝╤ï╤ê╤å╤ï, ╤ì╨╜╨╡╤Ç╨│╨╕╤Å) 900╨│ ╤ê╨╛╨║╨╛╨╗╨░╨┤ 
gls
	/product/[id]/page: /product/╤ü╨╡╨╗╨╡╨╜ 100╨╝╨║╨│ ╨║╨░╨┐╤ü. (╨║╤Ç╨░╤ü╨╛╤é╨░, ╨╕╨╝╨╝╤â╨╜╨╕╤é╨╡╤é) 270╨╝╨│ Γäû60 gls
	/product/[id]/page: /product/╤ü╨╡╨╝╨╡╨╜╨░ ╨╗╤î╨╜╨░ ╨┐╨╛╤Ç╨╛╤ê╨╛╨║ (╨┐╨╛╤à╤â╨┤╨╡╨╜╨╕╨╡, ╨╛╤ç╨╕╤ë╨╡╨╜╨╕╨╡, 
╨╝╨╕╨║╤Ç╨╛╨▒╨╕╨╛╨╝) 200╨│ gls
	/product/[id]/page: /product/╤ü╨┐╨╛╤Ç╤é╨╕╨▓╨╜╨░╤Å ╤ä╨╛╤Ç╨╝╤â╨╗╨░ ╨║╨░╨┐╤ü. 450╨╝╨│ Γäû60 gls
	/product/[id]/page: /product/╤é╨░╤â╤Ç╨╕╨╜ 1000╨╝╨╡ ╨║╨░╨┐╤ü. (╨╝╤ï╤ê╤å╤ï, ╨┐╨╛╤à╤â╨┤╨╡╨╜╨╕╨╡, 
╨▓╤ï╨╜╨╛╤ü╨╗╨╕╨▓╨╛╤ü╤é╤î) 400╨╝╨│ Γäû90 gls
	/product/[id]/page: /product/╤é╨╕╤Ç╨╛╨╖╨╕╨╜ ╨║╨░╨┐╤ü. (╨┐╨╛╤à╤â╨┤╨╡╨╜╨╕╨╡, ╤ü╨╡╤Ç╨┤╤å╨╡) 500╨╝╨│ Γäû90 gls
	/product/[id]/page: /product/╤ä╨╛╨╗╨╕╨╡╨▓╨░╤Å ╨║╨╕╤ü╨╗╨╛╤é╨░ ╨║╨░╨┐╤ü. (╨┤╨╗╤Å ╨▒╨╡╤Ç╨╡╨╝╨╡╨╜╨╜╤ï╤à) Γäû60 gls
	/product/[id]/page: /product/╤ä╨╛╤Ç╨╝╤â╨╗╨░ ╨╛╤ç╨╕╤ë╨╡╨╜╨╕╨╡ ╨║╨░╨┐╤ü.400╨╝╨│ Γäû60 gls
	/product/[id]/page: /product/╤ä╨╛╤Ç╨╝╤â╨╗╨░ ╨┐╨░╨╝╤Å╤é╨╕ "╨╜╨╛╨╛╤ä╨╕╤é" ╨║╨░╨┐╤ü.400╨╝╨│ Γäû60 gls
	/product/[id]/page: /product/╤à╨╕╤é╨╛╨╖╨░╨╜ ╨╝╨╛╤Ç╤ü╨║╨╛╨╣ ╨║╨░╨┐╤ü. (╨┐╨╕╤ë╨╡╨▓╨░╤Ç╨╡╨╜╨╕╨╡, ╨╛╤ç╨╕╤ë╨╡╨╜╨╕╨╡, 
╨┐╨╛╤à╤â╨┤╨╡╨╜╨╕╨╡) 240╨╝╨│ Γäû100 gls
	/product/[id]/page: /product/╤à╨╗╨╛╤Ç╨╛╤ä╨╕╨╗╨╗ ╨║╨░╨┐╤ü. (╨╛╤ç╨╕╤ë╨╡╨╜╨╕╨╡, ╤ì╨╜╨╡╤Ç╨│╨╕╤Å) Γäû60 gls
	/product/[id]/page: /product/╤à╤Ç╨╛╨╝╨░ ╨┐╨╕╨║╨╛╨╗╨╕╨╜╨░╤é 250╨╝╨║╨│ ╨║╨░╨┐╤ü. (╨┐╨╛╤à╤â╨┤╨╡╨╜╨╕╨╡, 
╨╝╨╡╤é╨░╨▒╨╛╨╗╨╕╨╖╨╝) 240╨╝╨│ Γäû120 gls
	/product/[id]/page: /product/╤à╤Ç╨╛╨╝╨░ ╨┐╨╕╨║╨╛╨╗╨╕╨╜╨░╤é 250╨╝╨║╨│ ╨║╨░╨┐╤ü. (╨┐╨╛╤à╤â╨┤╨╡╨╜╨╕╨╡, 
╨╝╨╡╤é╨░╨▒╨╛╨╗╨╕╨╖╨╝) 240╨╝╨│ Γäû60 gls
	/product/[id]/page: /product/╤å╨╕╨╜╨║ ╨▒╨╡╨╖ ╤ü╨░╤à╨░╤Ç╨░ ╤ê╨╕╨┐╤â╤ç╨╕╨╡ ╤é╨░╨▒.Γäû20 ╨╝.3,8╨│ ╨╗╨╕╨╝╨╛╨╜ gls
	/product/[id]/page: /product/╤å╨╕╨╜╨║ ╤ü╨╡╨╗╨╡╨╜ ╨║╨░╨┐╤ü. (╨║╤Ç╨░╤ü╨╛╤é╨░, ╤ä╨╡╤é╨╕╨╗╤î╨╜╨╛╤ü╤é╤î) 320╨╝╨│ Γäû60 gls
	/product/[id]/page: /product/╤å╨╕╨╜╨║ ╤à╨╡╨╗╨░╤é ╨║╨░╨┐╤ü. (╨┤╨╗╤Å ╨╝╤â╨╢╤ç╨╕╨╜ ╨╕ ╨▓╨╛╨╗╨╛╤ü) 400╨╝╨│ Γäû60 gls
	/product/[id]/page: /product/╤å╨╕╨╜╨║ ╤å╨╕╤é╤Ç╨░╤é ╨║╨░╨┐╤ü. (╨┤╨╗╤Å ╤ü╨╕╨╗╤ï ╨╝╤â╨╢╤ç╨╕╨╜ ╨╕ ╨╢╨╡╨╜╤ë╨╕╨╜)350╨╝╨│ 
Γäû60 gls
	/product/[id]/page: /product/╤å╨╕╤é╤Ç╤â╨╗╨╗╨╕╨╜ ╨║╨░╨┐╤ü. 320╨╝╨│ Γäû90 gls
	/product/[id]/page: /product/╤ç╨╡╤Ç╨╜╨╕╨║╨░+╨░+╨╡ ╨║╨░╨┐╤ü.(╨╖╤Ç╨╡╨╜╨╕╨╡, ╨│╨╗╨░╨╖) 400╨╝╨│ Γäû60 gls
	/product/[id]/page: /product/╤ç╨╡╤ü╨╜╨╛╨║ ╨║╨░╨┐╤ü. (╨╛╤ç╨╕╤ë╨╡╨╜╨╕╨╡, ╨╕╨╝╨╝╤â╨╜╨╕╤é╨╡╤é) 400╨╝╨│ Γäû60 gls
